******************************************************************************
                  TI ARM Linker PC v16.9.6                     
******************************************************************************
>> Linked Tue Oct 29 22:49:30 2019

OUTPUT FILE NAME:   <lab12.out>
ENTRY POINT SYMBOL: "_c_int00"  address: 00000c25


MEMORY CONFIGURATION

         name            origin    length      used     unused   attr    fill
----------------------  --------  ---------  --------  --------  ----  --------
  FLASH                 00000000   00040000  000010c0  0003ef40  R  X
  SRAM                  20000000   00008000  0000008c  00007f74  RW X


SEGMENT ALLOCATION MAP

run origin  load origin   length   init length attrs members
----------  ----------- ---------- ----------- ----- -------
00000000    00000000    000010c0   000010c0    r-x
  00000000    00000000    0000026c   0000026c    r-- .intvecs
  0000026c    0000026c    00000cb0   00000cb0    r-x .text
  00000f1c    00000f1c    0000016c   0000016c    r-- .const
  00001088    00001088    00000038   00000038    r-- .cinit
20000000    20000000    0000008c   00000000    rw-
  20000000    20000000    00000064   00000000    rw- .stack
  20000064    20000064    00000018   00000000    rw- .data
  2000007c    2000007c    00000010   00000000    rw- .bss


SECTION ALLOCATION MAP

 output                                  attributes/
section   page    origin      length       input sections
--------  ----  ----------  ----------   ----------------
.intvecs   0    00000000    0000026c     
                  00000000    0000026c     tm4c123gh6pm_startup_ccs.obj (.intvecs)

.text      0    0000026c    00000cb0     
                  0000026c    00000428     main.obj (.text)
                  00000694    00000132     driverlib.lib : gpio.obj (.text:GPIOPadConfigSet)
                  000007c6    00000002     rtsv7M4_T_le_v4SPD16_eabi.lib : mpu_init.obj (.text)
                  000007c8    00000110     driverlib.lib : sysctl.obj (.text:SysCtlClockGet)
                  000008d8    000000f4                   : sysctl.obj (.text:SysCtlClockSet)
                  000009cc    0000009c     rtsv7M4_T_le_v4SPD16_eabi.lib : memcpy_t2.obj (.text)
                  00000a68    0000007a                                   : memset_t2.obj (.text)
                  00000ae2    00000002                                   : startup.obj (.text)
                  00000ae4    00000070                                   : autoinit.obj (.text)
                  00000b54    00000068     driverlib.lib : interrupt.obj (.text:IntEnable)
                  00000bbc    00000068     rtsv7M4_T_le_v4SPD16_eabi.lib : copy_decompress_lzss.obj (.text:decompress:lzss)
                  00000c24    00000054                                   : boot.obj (.text)
                  00000c78    00000054                                   : exit.obj (.text)
                  00000ccc    0000004c                                   : cpy_tbl.obj (.text)
                  00000d18    00000048     driverlib.lib : gpio.obj (.text:GPIOPinConfigure)
                  00000d60    00000046                   : uart.obj (.text:UARTConfigSetExpClk)
                  00000da6    00000002     --HOLE-- [fill = 0]
                  00000da8    00000034                   : sysctl.obj (.text:SysCtlPeripheralEnable)
                  00000ddc    0000002a                   : gpio.obj (.text:GPIODirModeSet)
                  00000e06    00000002     --HOLE-- [fill = 0]
                  00000e08    00000020                   : uart.obj (.text:UARTDisable)
                  00000e28    00000018                   : gpio.obj (.text:GPIOPinTypeGPIOOutput)
                  00000e40    00000018     rtsv7M4_T_le_v4SPD16_eabi.lib : args_main.obj (.text)
                  00000e58    00000014     driverlib.lib : uart.obj (.text:UARTEnable)
                  00000e6c    00000014     rtsv7M4_T_le_v4SPD16_eabi.lib : _lock.obj (.text)
                  00000e80    00000012     driverlib.lib : gpio.obj (.text:GPIOPinTypeUART)
                  00000e92    00000010                   : interrupt.obj (.text:IntMasterEnable)
                  00000ea2    0000000e                   : uart.obj (.text:UARTCharsAvail)
                  00000eb0    0000000e     rtsv7M4_T_le_v4SPD16_eabi.lib : copy_decompress_none.obj (.text:decompress:none)
                  00000ebe    0000000c     driverlib.lib : cpu.obj (.text:CPUcpsie)
                  00000eca    0000000c     rtsv7M4_T_le_v4SPD16_eabi.lib : copy_zero_init.obj (.text:decompress:ZI)
                  00000ed6    0000000c     tm4c123gh6pm_startup_ccs.obj (.text)
                  00000ee2    0000000a     driverlib.lib : uart.obj (.text:UARTCharGet)
                  00000eec    0000000a                   : uart.obj (.text:UARTCharPut)
                  00000ef6    0000000a                   : uart.obj (.text:UARTIntStatus)
                  00000f00    00000008                   : uart.obj (.text:UARTIntEnable)
                  00000f08    00000006                   : gpio.obj (.text:GPIOPinWrite)
                  00000f0e    00000006                   : sysctl.obj (.text:SysCtlDelay)
                  00000f14    00000004                   : uart.obj (.text:UARTIntClear)
                  00000f18    00000004     rtsv7M4_T_le_v4SPD16_eabi.lib : pre_init.obj (.text)

.const     0    00000f1c    0000016c     
                  00000f1c    00000090     driverlib.lib : gpio.obj (.const:g_pui32GPIOBaseAddrs)
                  00000fac    00000070                   : interrupt.obj (.const)
                  0000101c    0000006c                   : sysctl.obj (.const:g_pui32Xtals)

.cinit     0    00001088    00000038     
                  00001088    00000011     (.cinit..data.load) [load image, compression = lzss]
                  00001099    00000003     --HOLE-- [fill = 0]
                  0000109c    0000000c     (__TI_handler_table)
                  000010a8    00000008     (.cinit..bss.load) [load image, compression = zero_init]
                  000010b0    00000010     (__TI_cinit_table)

.init_array 
*          0    00000000    00000000     UNINITIALIZED

.stack     0    20000000    00000064     UNINITIALIZED
                  20000000    00000064     --HOLE--

.data      0    20000064    00000018     UNINITIALIZED
                  20000064    0000000c     rtsv7M4_T_le_v4SPD16_eabi.lib : exit.obj (.data:$O1$$)
                  20000070    00000008                                   : _lock.obj (.data:$O1$$)
                  20000078    00000004                                   : stkdepth_vars.obj (.data)

.bss       0    2000007c    00000010     UNINITIALIZED
                  2000007c    00000004     (.common:i)
                  20000080    00000004     (.common:ui32TempAvg)
                  20000084    00000004     (.common:ui32TempValueC)
                  20000088    00000004     (.common:ui32TempValueF)

MODULE SUMMARY

       Module                         code   ro data   rw data
       ------                         ----   -------   -------
    .\
       main.obj                       1064   0         16     
       tm4c123gh6pm_startup_ccs.obj   12     620       0      
    +--+------------------------------+------+---------+---------+
       Total:                         1076   620       16     
                                                              
    C:/ti/tivaware_c_series_2_1_4_178/driverlib/ccs/Debug/driverlib.lib
       sysctl.obj                     574    108       0      
       gpio.obj                       468    144       0      
       interrupt.obj                  120    112       0      
       uart.obj                       178    0         0      
       cpu.obj                        12     0         0      
    +--+------------------------------+------+---------+---------+
       Total:                         1352   364       0      
                                                              
    C:\ti\ccsv7\tools\compiler\ti-cgt-arm_16.9.6.LTS\lib\rtsv7M4_T_le_v4SPD16_eabi.lib
       memcpy_t2.obj                  156    0         0      
       memset_t2.obj                  122    0         0      
       autoinit.obj                   112    0         0      
       copy_decompress_lzss.obj       104    0         0      
       exit.obj                       84     0         12     
       boot.obj                       84     0         0      
       cpy_tbl.obj                    76     0         0      
       _lock.obj                      20     0         8      
       args_main.obj                  24     0         0      
       copy_decompress_none.obj       14     0         0      
       copy_zero_init.obj             12     0         0      
       pre_init.obj                   4      0         0      
       stkdepth_vars.obj              0      0         4      
       mpu_init.obj                   2      0         0      
       startup.obj                    2      0         0      
    +--+------------------------------+------+---------+---------+
       Total:                         816    0         24     
                                                              
       Stack:                         0      0         100    
       Linker Generated:              0      53        0      
    +--+------------------------------+------+---------+---------+
       Grand Total:                   3244   1037      140    


LINKER GENERATED COPY TABLES

__TI_cinit_table @ 000010b0 records: 2, size/record: 8, table size: 16
	.data: load addr=00001088, load size=00000011 bytes, run addr=20000064, run size=00000018 bytes, compression=lzss
	.bss: load addr=000010a8, load size=00000008 bytes, run addr=2000007c, run size=00000010 bytes, compression=zero_init


LINKER GENERATED HANDLER TABLE

__TI_handler_table @ 0000109c records: 3, size/record: 4, table size: 12
	index: 0, handler: __TI_decompress_lzss
	index: 1, handler: __TI_decompress_none
	index: 2, handler: __TI_zero_init


GLOBAL SYMBOLS: SORTED ALPHABETICALLY BY Name 

address   name                           
-------   ----                           
00000c79  C$$EXIT                        
00000ebf  CPUcpsie                       
00000ddd  GPIODirModeSet                 
00000695  GPIOPadConfigSet               
00000d19  GPIOPinConfigure               
00000e29  GPIOPinTypeGPIOOutput          
00000e81  GPIOPinTypeUART                
00000f09  GPIOPinWrite                   
00000b55  IntEnable                      
00000e93  IntMasterEnable                
00000ed7  ResetISR                       
UNDEFED   SHT$$INIT_ARRAY$$Base          
UNDEFED   SHT$$INIT_ARRAY$$Limit         
000007c9  SysCtlClockGet                 
000008d9  SysCtlClockSet                 
00000f0f  SysCtlDelay                    
00000da9  SysCtlPeripheralEnable         
00000ee3  UARTCharGet                    
00000eed  UARTCharPut                    
00000ea3  UARTCharsAvail                 
00000d61  UARTConfigSetExpClk            
00000e09  UARTDisable                    
00000e59  UARTEnable                     
00000f15  UARTIntClear                   
00000f01  UARTIntEnable                  
0000026d  UARTIntHandler                 
00000ef7  UARTIntStatus                  
20000064  __STACK_END                    
00000064  __STACK_SIZE                   
20000200  __STACK_TOP                    
000010b0  __TI_CINIT_Base                
000010c0  __TI_CINIT_Limit               
0000109c  __TI_Handler_Table_Base        
000010a8  __TI_Handler_Table_Limit       
00000ae5  __TI_auto_init                 
20000064  __TI_cleanup_ptr               
00000bbd  __TI_decompress_lzss           
00000eb1  __TI_decompress_none           
20000068  __TI_dtors_ptr                 
2000006c  __TI_enable_exit_profile_output
ffffffff  __TI_pprof_out_hndl            
ffffffff  __TI_prof_data_size            
ffffffff  __TI_prof_data_start           
00000000  __TI_static_base__             
00000ecb  __TI_zero_init                 
00000a69  __aeabi_memclr                 
00000a69  __aeabi_memclr4                
00000a69  __aeabi_memclr8                
000009cd  __aeabi_memcpy                 
000009cd  __aeabi_memcpy4                
000009cd  __aeabi_memcpy8                
00000a6b  __aeabi_memset                 
00000a6b  __aeabi_memset4                
00000a6b  __aeabi_memset8                
ffffffff  __binit__                      
ffffffff  __c_args__                     
000007c7  __mpu_init                     
20000000  __stack                        
00000e41  _args_main                     
00000c25  _c_int00                       
20000070  _lock                          
00000e7b  _nop                           
00000e73  _register_lock                 
00000e6d  _register_unlock               
00000ae3  _system_post_cinit             
00000f19  _system_pre_init               
20000074  _unlock                        
00000c7d  abort                          
ffffffff  binit                          
00000ccd  copy_in                        
00000c85  exit                           
00000000  g_pfnVectors                   
2000007c  i                              
000003d7  main                           
20000078  main_func_sp                   
000009cd  memcpy                         
00000a71  memset                         
20000080  ui32TempAvg                    
20000084  ui32TempValueC                 
20000088  ui32TempValueF                 


GLOBAL SYMBOLS: SORTED BY Symbol Address 

address   name                           
-------   ----                           
00000000  __TI_static_base__             
00000000  g_pfnVectors                   
00000064  __STACK_SIZE                   
0000026d  UARTIntHandler                 
000003d7  main                           
00000695  GPIOPadConfigSet               
000007c7  __mpu_init                     
000007c9  SysCtlClockGet                 
000008d9  SysCtlClockSet                 
000009cd  __aeabi_memcpy                 
000009cd  __aeabi_memcpy4                
000009cd  __aeabi_memcpy8                
000009cd  memcpy                         
00000a69  __aeabi_memclr                 
00000a69  __aeabi_memclr4                
00000a69  __aeabi_memclr8                
00000a6b  __aeabi_memset                 
00000a6b  __aeabi_memset4                
00000a6b  __aeabi_memset8                
00000a71  memset                         
00000ae3  _system_post_cinit             
00000ae5  __TI_auto_init                 
00000b55  IntEnable                      
00000bbd  __TI_decompress_lzss           
00000c25  _c_int00                       
00000c79  C$$EXIT                        
00000c7d  abort                          
00000c85  exit                           
00000ccd  copy_in                        
00000d19  GPIOPinConfigure               
00000d61  UARTConfigSetExpClk            
00000da9  SysCtlPeripheralEnable         
00000ddd  GPIODirModeSet                 
00000e09  UARTDisable                    
00000e29  GPIOPinTypeGPIOOutput          
00000e41  _args_main                     
00000e59  UARTEnable                     
00000e6d  _register_unlock               
00000e73  _register_lock                 
00000e7b  _nop                           
00000e81  GPIOPinTypeUART                
00000e93  IntMasterEnable                
00000ea3  UARTCharsAvail                 
00000eb1  __TI_decompress_none           
00000ebf  CPUcpsie                       
00000ecb  __TI_zero_init                 
00000ed7  ResetISR                       
00000ee3  UARTCharGet                    
00000eed  UARTCharPut                    
00000ef7  UARTIntStatus                  
00000f01  UARTIntEnable                  
00000f09  GPIOPinWrite                   
00000f0f  SysCtlDelay                    
00000f15  UARTIntClear                   
00000f19  _system_pre_init               
0000109c  __TI_Handler_Table_Base        
000010a8  __TI_Handler_Table_Limit       
000010b0  __TI_CINIT_Base                
000010c0  __TI_CINIT_Limit               
20000000  __stack                        
20000064  __STACK_END                    
20000064  __TI_cleanup_ptr               
20000068  __TI_dtors_ptr                 
2000006c  __TI_enable_exit_profile_output
20000070  _lock                          
20000074  _unlock                        
20000078  main_func_sp                   
2000007c  i                              
20000080  ui32TempAvg                    
20000084  ui32TempValueC                 
20000088  ui32TempValueF                 
20000200  __STACK_TOP                    
ffffffff  __TI_pprof_out_hndl            
ffffffff  __TI_prof_data_size            
ffffffff  __TI_prof_data_start           
ffffffff  __binit__                      
ffffffff  __c_args__                     
ffffffff  binit                          
UNDEFED   SHT$$INIT_ARRAY$$Base          
UNDEFED   SHT$$INIT_ARRAY$$Limit         

[80 symbols]
