******************************************************************************
                  TI ARM Linker PC v16.9.6                     
******************************************************************************
>> Linked Sat Oct 26 23:07:30 2019

OUTPUT FILE NAME:   <Midterm.out>
ENTRY POINT SYMBOL: "_c_int00"  address: 0000213d


MEMORY CONFIGURATION

         name            origin    length      used     unused   attr    fill
----------------------  --------  ---------  --------  --------  ----  --------
  FLASH                 00000000   00040000  00002996  0003d66a  R  X
  SRAM                  20000000   00008000  00000345  00007cbb  RW X


SEGMENT ALLOCATION MAP

run origin  load origin   length   init length attrs members
----------  ----------- ---------- ----------- ----- -------
00000000    00000000    00002998   00002998    r-x
  00000000    00000000    0000026c   0000026c    r-- .intvecs
  0000026c    0000026c    00002502   00002502    r-x .text
  00002770    00002770    000001f0   000001f0    r-- .const
  00002960    00002960    00000038   00000038    r-- .cinit
20000000    20000000    00000348   00000000    rw-
  20000000    20000000    00000200   00000000    rw- .stack
  20000200    20000200    00000125   00000000    rw- .bss
  20000328    20000328    00000020   00000000    rw- .data


SECTION ALLOCATION MAP

 output                                  attributes/
section   page    origin      length       input sections
--------  ----  ----------  ----------   ----------------
.intvecs   0    00000000    0000026c     
                  00000000    0000026c     tm4c123gh6pm_startup_ccs.obj (.intvecs)

.text      0    0000026c    00002502     
                  0000026c    000006cc     main.obj (.text)
                  00000938    000004dc     uartstdio.obj (.text)
                  00000e14    000001b6     rtsv7M4_T_le_v4SPD16_eabi.lib : fd_add_t2.obj (.text)
                  00000fca    00000002                                   : i_div0.obj (.text)
                  00000fcc    00000158                                   : e_atan2f.obj (.text)
                  00001124    00000150                                   : s_atanf.obj (.text)
                  00001274    00000136                                   : fd_div_t2.obj (.text)
                  000013aa    00000132     driverlib.lib : gpio.obj (.text:GPIOPadConfigSet)
                  000014dc    00000110                   : sysctl.obj (.text:SysCtlClockGet)
                  000015ec    000000fc     rtsv7M4_T_le_v4SPD16_eabi.lib : fd_mul_t2.obj (.text)
                  000016e8    000000f4     driverlib.lib : sysctl.obj (.text:SysCtlClockSet)
                  000017dc    000000f2     sensorlib.lib : i2cm_drv.obj (.text:I2CMIntHandler)
                  000018ce    00000002     rtsv7M4_T_le_v4SPD16_eabi.lib : mpu_init.obj (.text)
                  000018d0    000000f0     sensorlib.lib : mpu6050.obj (.text:MPU6050Callback)
                  000019c0    0000009c     rtsv7M4_T_le_v4SPD16_eabi.lib : memcpy_t2.obj (.text)
                  00001a5c    00000098     sensorlib.lib : i2cm_drv.obj (.text:I2CMStateIdle)
                  00001af4    00000088                   : i2cm_drv.obj (.text:I2CMCommand)
                  00001b7c    0000007a     rtsv7M4_T_le_v4SPD16_eabi.lib : memset_t2.obj (.text)
                  00001bf6    00000002                                   : startup.obj (.text)
                  00001bf8    00000078     sensorlib.lib : i2cm_drv.obj (.text:I2CMReadModifyWrite8)
                  00001c70    00000070                   : mpu6050.obj (.text:MPU6050DataAccelGetFloat)
                  00001ce0    00000070                   : mpu6050.obj (.text:MPU6050DataGyroGetFloat)
                  00001d50    00000070     rtsv7M4_T_le_v4SPD16_eabi.lib : autoinit.obj (.text)
                  00001dc0    0000006e                                   : fd_tos_t2.obj (.text)
                  00001e2e    00000002     --HOLE-- [fill = 0]
                  00001e30    00000068     driverlib.lib : interrupt.obj (.text:IntDisable)
                  00001e98    00000068                   : interrupt.obj (.text:IntEnable)
                  00001f00    00000068     rtsv7M4_T_le_v4SPD16_eabi.lib : copy_decompress_lzss.obj (.text:decompress:lzss)
                  00001f68    00000064     driverlib.lib : interrupt.obj (.text:IntIsEnabled)
                  00001fcc    00000060     sensorlib.lib : i2cm_drv.obj (.text:I2CMReadModifyWrite8Callback)
                  0000202c    0000005e                   : i2cm_drv.obj (.text:I2CMStateWritePause)
                  0000208a    00000002     --HOLE-- [fill = 0]
                  0000208c    0000005c                   : mpu6050.obj (.text:MPU6050Init)
                  000020e8    00000054                   : mpu6050.obj (.text:MPU6050DataRead)
                  0000213c    00000054     rtsv7M4_T_le_v4SPD16_eabi.lib : boot.obj (.text)
                  00002190    00000054                                   : exit.obj (.text)
                  000021e4    00000050     sensorlib.lib : i2cm_drv.obj (.text:I2CMStateWriteFinal)
                  00002234    00000050     driverlib.lib : sysctl.obj (.text:SysCtlPeripheralReset)
                  00002284    0000004c                   : i2c.obj (.text:I2CMasterInitExpClk)
                  000022d0    0000004c     sensorlib.lib : mpu6050.obj (.text:MPU6050ReadModifyWrite)
                  0000231c    0000004c     rtsv7M4_T_le_v4SPD16_eabi.lib : cpy_tbl.obj (.text)
                  00002368    0000004a     sensorlib.lib : i2cm_drv.obj (.text:I2CMStateReadNext)
                  000023b2    00000002     --HOLE-- [fill = 0]
                  000023b4    00000048     driverlib.lib : gpio.obj (.text:GPIOPinConfigure)
                  000023fc    00000048     sensorlib.lib : i2cm_drv.obj (.text:I2CMStateWriteNext)
                  00002444    00000044                   : i2cm_drv.obj (.text:I2CMStateCallback)
                  00002488    00000042                   : i2cm_drv.obj (.text:I2CMStateReadFinal)
                  000024ca    00000040     rtsv7M4_T_le_v4SPD16_eabi.lib : u_divt2.obj (.text)
                  0000250a    0000003e     sensorlib.lib : i2cm_drv.obj (.text:I2CMStateReadPause)
                  00002548    00000038     rtsv7M4_T_le_v4SPD16_eabi.lib : fs_tod_t2.obj (.text)
                  00002580    00000034     sensorlib.lib : i2cm_drv.obj (.text:I2CMInit)
                  000025b4    00000034     driverlib.lib : sysctl.obj (.text:SysCtlPeripheralEnable)
                  000025e8    0000002a                   : gpio.obj (.text:GPIODirModeSet)
                  00002612    0000002a     sensorlib.lib : i2cm_drv.obj (.text:I2CMStateReadFirst)
                  0000263c    00000024     IQmathLib.lib : IQNtoF.obj (.text:_IQ21toF)
                  00002660    00000020     sensorlib.lib : i2cm_drv.obj (.text:I2CMStateReadOne)
                  00002680    0000001a                   : i2cm_drv.obj (.text:I2CMStateReadWait)
                  0000269a    00000002     --HOLE-- [fill = 0]
                  0000269c    00000018     rtsv7M4_T_le_v4SPD16_eabi.lib : args_main.obj (.text)
                  000026b4    00000014                                   : _lock.obj (.text)
                  000026c8    00000012     driverlib.lib : gpio.obj (.text:GPIOPinTypeI2C)
                  000026da    00000012                   : gpio.obj (.text:GPIOPinTypeI2CSCL)
                  000026ec    00000012                   : gpio.obj (.text:GPIOPinTypeUART)
                  000026fe    0000000e     rtsv7M4_T_le_v4SPD16_eabi.lib : copy_decompress_none.obj (.text:decompress:none)
                  0000270c    0000000c     driverlib.lib : interrupt.obj (.text:IntTrigger)
                  00002718    0000000c     rtsv7M4_T_le_v4SPD16_eabi.lib : copy_zero_init.obj (.text:decompress:ZI)
                  00002724    0000000c     tm4c123gh6pm_startup_ccs.obj (.text)
                  00002730    0000000a     driverlib.lib : i2c.obj (.text:I2CMasterEnable)
                  0000273a    00000008                   : i2c.obj (.text:I2CMasterIntClear)
                  00002742    00000008                   : i2c.obj (.text:I2CMasterIntEnableEx)
                  0000274a    00000008                   : i2c.obj (.text:I2CMasterSlaveAddrSet)
                  00002752    00000006                   : sysctl.obj (.text:SysCtlDelay)
                  00002758    00000006                   : uart.obj (.text:UARTClockSourceSet)
                  0000275e    00000004                   : i2c.obj (.text:I2CMasterControl)
                  00002762    00000004                   : i2c.obj (.text:I2CMasterDataGet)
                  00002766    00000004                   : i2c.obj (.text:I2CMasterDataPut)
                  0000276a    00000004     rtsv7M4_T_le_v4SPD16_eabi.lib : pre_init.obj (.text)

.const     0    00002770    000001f0     
                  00002770    00000090     driverlib.lib : gpio.obj (.const:g_pui32GPIOBaseAddrs)
                  00002800    00000070                   : interrupt.obj (.const)
                  00002870    0000006c                   : sysctl.obj (.const:g_pui32Xtals)
                  000028dc    00000034     rtsv7M4_T_le_v4SPD16_eabi.lib : s_atanf.obj (.const:$O1$$)
                  00002910    00000020     sensorlib.lib : mpu6050.obj (.const)
                  00002930    00000012     uartstdio.obj (.const:.string)
                  00002942    00000002     --HOLE-- [fill = 0]
                  00002944    0000000c     uartstdio.obj (.const:g_ui32UARTBase)
                  00002950    0000000c     uartstdio.obj (.const:g_ui32UARTPeriph)
                  0000295c    00000004     uartstdio.obj (.const)

.cinit     0    00002960    00000038     
                  00002960    00000011     (.cinit..data.load) [load image, compression = lzss]
                  00002971    00000003     --HOLE-- [fill = 0]
                  00002974    0000000c     (__TI_handler_table)
                  00002980    00000008     (.cinit..bss.load) [load image, compression = zero_init]
                  00002988    00000010     (__TI_cinit_table)

.init_array 
*          0    00000000    00000000     UNINITIALIZED

.stack     0    20000000    00000200     UNINITIALIZED
                  20000000    00000200     --HOLE--

.bss       0    20000200    00000125     UNINITIALIZED
                  20000200    00000124     (.common:g_sI2CMSimpleInst)
                  20000324    00000001     (.common:g_bMPU6050Done)

.data      0    20000328    00000020     UNINITIALIZED
                  20000328    0000000c     rtsv7M4_T_le_v4SPD16_eabi.lib : exit.obj (.data:$O1$$)
                  20000334    00000008                                   : _lock.obj (.data:$O1$$)
                  2000033c    00000005     uartstdio.obj (.data)
                  20000341    00000003     --HOLE--
                  20000344    00000004     rtsv7M4_T_le_v4SPD16_eabi.lib : stkdepth_vars.obj (.data)

MODULE SUMMARY

       Module                         code   ro data   rw data
       ------                         ----   -------   -------
    .\
       main.obj                       1740   0         293    
       uartstdio.obj                  1244   46        5      
       tm4c123gh6pm_startup_ccs.obj   12     620       0      
    +--+------------------------------+------+---------+---------+
       Total:                         2996   666       298    
                                                              
    C:/ti/tivaware_c_series_2_1_4_178/IQmath/ccs/IQmathLib/Debug/IQmathLib.lib
       IQNtoF.obj                     36     0         0      
    +--+------------------------------+------+---------+---------+
       Total:                         36     0         0      
                                                              
    C:/ti/tivaware_c_series_2_1_4_178/driverlib/ccs/Debug/driverlib.lib
       sysctl.obj                     654    108       0      
       gpio.obj                       474    144       0      
       interrupt.obj                  320    112       0      
       i2c.obj                        122    0         0      
       uart.obj                       6      0         0      
    +--+------------------------------+------+---------+---------+
       Total:                         1576   364       0      
                                                              
    C:/ti/tivaware_c_series_2_1_4_178/sensorlib/ccs/Debug/sensorlib.lib
       i2cm_drv.obj                   1414   0         0      
       mpu6050.obj                    716    32        0      
    +--+------------------------------+------+---------+---------+
       Total:                         2130   32        0      
                                                              
    C:\ti\ccsv7\tools\compiler\ti-cgt-arm_16.9.6.LTS\lib\rtsv7M4_T_le_v4SPD16_eabi.lib
       fd_add_t2.obj                  438    0         0      
       s_atanf.obj                    336    52        0      
       e_atan2f.obj                   344    0         0      
       fd_div_t2.obj                  310    0         0      
       fd_mul_t2.obj                  252    0         0      
       memcpy_t2.obj                  156    0         0      
       memset_t2.obj                  122    0         0      
       autoinit.obj                   112    0         0      
       fd_tos_t2.obj                  110    0         0      
       copy_decompress_lzss.obj       104    0         0      
       exit.obj                       84     0         12     
       boot.obj                       84     0         0      
       cpy_tbl.obj                    76     0         0      
       u_divt2.obj                    64     0         0      
       fs_tod_t2.obj                  56     0         0      
       _lock.obj                      20     0         8      
       args_main.obj                  24     0         0      
       copy_decompress_none.obj       14     0         0      
       copy_zero_init.obj             12     0         0      
       pre_init.obj                   4      0         0      
       stkdepth_vars.obj              0      0         4      
       i_div0.obj                     2      0         0      
       mpu_init.obj                   2      0         0      
       startup.obj                    2      0         0      
    +--+------------------------------+------+---------+---------+
       Total:                         2728   52        24     
                                                              
       Stack:                         0      0         512    
       Linker Generated:              0      53        0      
    +--+------------------------------+------+---------+---------+
       Grand Total:                   9466   1167      834    


LINKER GENERATED COPY TABLES

__TI_cinit_table @ 00002988 records: 2, size/record: 8, table size: 16
	.data: load addr=00002960, load size=00000011 bytes, run addr=20000328, run size=00000020 bytes, compression=lzss
	.bss: load addr=00002980, load size=00000008 bytes, run addr=20000200, run size=00000125 bytes, compression=zero_init


LINKER GENERATED HANDLER TABLE

__TI_handler_table @ 00002974 records: 3, size/record: 4, table size: 12
	index: 0, handler: __TI_decompress_lzss
	index: 1, handler: __TI_decompress_none
	index: 2, handler: __TI_zero_init


GLOBAL SYMBOLS: SORTED ALPHABETICALLY BY Name 

address   name                           
-------   ----                           
00002191  C$$EXIT                        
00000277  ComplementaryFilter            
000025e9  GPIODirModeSet                 
000013ab  GPIOPadConfigSet               
000023b5  GPIOPinConfigure               
000026c9  GPIOPinTypeI2C                 
000026db  GPIOPinTypeI2CSCL              
000026ed  GPIOPinTypeUART                
00001af5  I2CMCommand                    
00002581  I2CMInit                       
000017dd  I2CMIntHandler                 
00001bf9  I2CMReadModifyWrite8           
0000026d  I2CMSimpleIntHandler           
0000275f  I2CMasterControl               
00002763  I2CMasterDataGet               
00002767  I2CMasterDataPut               
00002731  I2CMasterEnable                
00002285  I2CMasterInitExpClk            
0000273b  I2CMasterIntClear              
00002743  I2CMasterIntEnableEx           
0000274b  I2CMasterSlaveAddrSet          
00000487  InitI2C0                       
00001e31  IntDisable                     
00001e99  IntEnable                      
00001f69  IntIsEnabled                   
0000270d  IntTrigger                     
000004e3  MPU6050Callback                
00001c71  MPU6050DataAccelGetFloat       
00001ce1  MPU6050DataGyroGetFloat        
000020e9  MPU6050DataRead                
00000541  MPU6050Example                 
0000208d  MPU6050Init                    
000022d1  MPU6050ReadModifyWrite         
00002725  ResetISR                       
UNDEFED   SHT$$INIT_ARRAY$$Base          
UNDEFED   SHT$$INIT_ARRAY$$Limit         
000014dd  SysCtlClockGet                 
000016e9  SysCtlClockSet                 
00002753  SysCtlDelay                    
000025b5  SysCtlPeripheralEnable         
00002235  SysCtlPeripheralReset          
00002759  UARTClockSourceSet             
00000939  UARTStdioConfig                
00000ab1  UARTgetc                       
000009eb  UARTgets                       
00000ddf  UARTprintf                     
00000ae5  UARTvprintf                    
00000999  UARTwrite                      
0000263d  _IQ21toF                       
20000200  __STACK_END                    
00000200  __STACK_SIZE                   
20000200  __STACK_TOP                    
00002988  __TI_CINIT_Base                
00002998  __TI_CINIT_Limit               
00002974  __TI_Handler_Table_Base        
00002980  __TI_Handler_Table_Limit       
00001d51  __TI_auto_init                 
20000328  __TI_cleanup_ptr               
00001f01  __TI_decompress_lzss           
000026ff  __TI_decompress_none           
2000032c  __TI_dtors_ptr                 
20000330  __TI_enable_exit_profile_output
ffffffff  __TI_pprof_out_hndl            
ffffffff  __TI_prof_data_size            
ffffffff  __TI_prof_data_start           
00000000  __TI_static_base__             
00002719  __TI_zero_init                 
00001dc1  __aeabi_d2f                    
00000e1f  __aeabi_dadd                   
00001275  __aeabi_ddiv                   
000015ed  __aeabi_dmul                   
00000e15  __aeabi_dsub                   
00002549  __aeabi_f2d                    
00000fcb  __aeabi_idiv0                  
00001b7d  __aeabi_memclr                 
00001b7d  __aeabi_memclr4                
00001b7d  __aeabi_memclr8                
000019c1  __aeabi_memcpy                 
000019c1  __aeabi_memcpy4                
000019c1  __aeabi_memcpy8                
00001b7f  __aeabi_memset                 
00001b7f  __aeabi_memset4                
00001b7f  __aeabi_memset8                
000024cb  __aeabi_uidiv                  
000024cb  __aeabi_uidivmod               
ffffffff  __binit__                      
ffffffff  __c_args__                     
000018cf  __mpu_init                     
20000000  __stack                        
0000269d  _args_main                     
0000213d  _c_int00                       
20000334  _lock                          
000026c3  _nop                           
000026bb  _register_lock                 
000026b5  _register_unlock               
00001bf7  _system_post_cinit             
0000276b  _system_pre_init               
20000338  _unlock                        
00002195  abort                          
00000fcd  atan2f                         
00001125  atanf                          
ffffffff  binit                          
0000231d  copy_in                        
0000219d  exit                           
20000324  g_bMPU6050Done                 
00000000  g_pfnVectors                   
20000200  g_sI2CMSimpleInst              
00000871  main                           
20000344  main_func_sp                   
000019c1  memcpy                         
00001b85  memset                         


GLOBAL SYMBOLS: SORTED BY Symbol Address 

address   name                           
-------   ----                           
00000000  __TI_static_base__             
00000000  g_pfnVectors                   
00000200  __STACK_SIZE                   
0000026d  I2CMSimpleIntHandler           
00000277  ComplementaryFilter            
00000487  InitI2C0                       
000004e3  MPU6050Callback                
00000541  MPU6050Example                 
00000871  main                           
00000939  UARTStdioConfig                
00000999  UARTwrite                      
000009eb  UARTgets                       
00000ab1  UARTgetc                       
00000ae5  UARTvprintf                    
00000ddf  UARTprintf                     
00000e15  __aeabi_dsub                   
00000e1f  __aeabi_dadd                   
00000fcb  __aeabi_idiv0                  
00000fcd  atan2f                         
00001125  atanf                          
00001275  __aeabi_ddiv                   
000013ab  GPIOPadConfigSet               
000014dd  SysCtlClockGet                 
000015ed  __aeabi_dmul                   
000016e9  SysCtlClockSet                 
000017dd  I2CMIntHandler                 
000018cf  __mpu_init                     
000019c1  __aeabi_memcpy                 
000019c1  __aeabi_memcpy4                
000019c1  __aeabi_memcpy8                
000019c1  memcpy                         
00001af5  I2CMCommand                    
00001b7d  __aeabi_memclr                 
00001b7d  __aeabi_memclr4                
00001b7d  __aeabi_memclr8                
00001b7f  __aeabi_memset                 
00001b7f  __aeabi_memset4                
00001b7f  __aeabi_memset8                
00001b85  memset                         
00001bf7  _system_post_cinit             
00001bf9  I2CMReadModifyWrite8           
00001c71  MPU6050DataAccelGetFloat       
00001ce1  MPU6050DataGyroGetFloat        
00001d51  __TI_auto_init                 
00001dc1  __aeabi_d2f                    
00001e31  IntDisable                     
00001e99  IntEnable                      
00001f01  __TI_decompress_lzss           
00001f69  IntIsEnabled                   
0000208d  MPU6050Init                    
000020e9  MPU6050DataRead                
0000213d  _c_int00                       
00002191  C$$EXIT                        
00002195  abort                          
0000219d  exit                           
00002235  SysCtlPeripheralReset          
00002285  I2CMasterInitExpClk            
000022d1  MPU6050ReadModifyWrite         
0000231d  copy_in                        
000023b5  GPIOPinConfigure               
000024cb  __aeabi_uidiv                  
000024cb  __aeabi_uidivmod               
00002549  __aeabi_f2d                    
00002581  I2CMInit                       
000025b5  SysCtlPeripheralEnable         
000025e9  GPIODirModeSet                 
0000263d  _IQ21toF                       
0000269d  _args_main                     
000026b5  _register_unlock               
000026bb  _register_lock                 
000026c3  _nop                           
000026c9  GPIOPinTypeI2C                 
000026db  GPIOPinTypeI2CSCL              
000026ed  GPIOPinTypeUART                
000026ff  __TI_decompress_none           
0000270d  IntTrigger                     
00002719  __TI_zero_init                 
00002725  ResetISR                       
00002731  I2CMasterEnable                
0000273b  I2CMasterIntClear              
00002743  I2CMasterIntEnableEx           
0000274b  I2CMasterSlaveAddrSet          
00002753  SysCtlDelay                    
00002759  UARTClockSourceSet             
0000275f  I2CMasterControl               
00002763  I2CMasterDataGet               
00002767  I2CMasterDataPut               
0000276b  _system_pre_init               
00002974  __TI_Handler_Table_Base        
00002980  __TI_Handler_Table_Limit       
00002988  __TI_CINIT_Base                
00002998  __TI_CINIT_Limit               
20000000  __stack                        
20000200  __STACK_END                    
20000200  __STACK_TOP                    
20000200  g_sI2CMSimpleInst              
20000324  g_bMPU6050Done                 
20000328  __TI_cleanup_ptr               
2000032c  __TI_dtors_ptr                 
20000330  __TI_enable_exit_profile_output
20000334  _lock                          
20000338  _unlock                        
20000344  main_func_sp                   
ffffffff  __TI_pprof_out_hndl            
ffffffff  __TI_prof_data_size            
ffffffff  __TI_prof_data_start           
ffffffff  __binit__                      
ffffffff  __c_args__                     
ffffffff  binit                          
UNDEFED   SHT$$INIT_ARRAY$$Base          
UNDEFED   SHT$$INIT_ARRAY$$Limit         

[111 symbols]
