<?xml version="1.0"?>
<link_info>
   <banner>TI ARM Linker PC v16.9.6.LTS</banner>
   <copyright>Copyright (c) 1996-2017 Texas Instruments Incorporated</copyright>
   <link_time>0x5db53422</link_time>
   <link_errors>0x0</link_errors>
   <output_file>Midterm.out</output_file>
   <entry_point>
      <name>_c_int00</name>
      <address>0x213d</address>
   </entry_point>
   <input_file_list>
      <input_file id="fl-2">
         <path>.\</path>
         <kind>object</kind>
         <file>main.obj</file>
         <name>main.obj</name>
      </input_file>
      <input_file id="fl-3">
         <path>.\</path>
         <kind>object</kind>
         <file>tm4c123gh6pm_startup_ccs.obj</file>
         <name>tm4c123gh6pm_startup_ccs.obj</name>
      </input_file>
      <input_file id="fl-4">
         <path>.\</path>
         <kind>object</kind>
         <file>uartstdio.obj</file>
         <name>uartstdio.obj</name>
      </input_file>
      <input_file id="fl-b">
         <kind>object</kind>
         <file>&lt;internal&gt;</file>
         <name>&lt;internal&gt;</name>
      </input_file>
      <input_file id="fl-c1">
         <path>C:\ti\ccsv7\tools\compiler\ti-cgt-arm_16.9.6.LTS\lib\</path>
         <kind>archive</kind>
         <file>rtsv7M4_T_le_v4SPD16_eabi.lib</file>
         <name>boot.obj</name>
      </input_file>
      <input_file id="fl-c2">
         <path>C:\ti\ccsv7\tools\compiler\ti-cgt-arm_16.9.6.LTS\lib\</path>
         <kind>archive</kind>
         <file>rtsv7M4_T_le_v4SPD16_eabi.lib</file>
         <name>copy_decompress_lzss.obj</name>
      </input_file>
      <input_file id="fl-c3">
         <path>C:\ti\ccsv7\tools\compiler\ti-cgt-arm_16.9.6.LTS\lib\</path>
         <kind>archive</kind>
         <file>rtsv7M4_T_le_v4SPD16_eabi.lib</file>
         <name>copy_decompress_none.obj</name>
      </input_file>
      <input_file id="fl-c4">
         <path>C:\ti\ccsv7\tools\compiler\ti-cgt-arm_16.9.6.LTS\lib\</path>
         <kind>archive</kind>
         <file>rtsv7M4_T_le_v4SPD16_eabi.lib</file>
         <name>copy_zero_init.obj</name>
      </input_file>
      <input_file id="fl-c5">
         <path>C:\ti\ccsv7\tools\compiler\ti-cgt-arm_16.9.6.LTS\lib\</path>
         <kind>archive</kind>
         <file>rtsv7M4_T_le_v4SPD16_eabi.lib</file>
         <name>e_atan2f.obj</name>
      </input_file>
      <input_file id="fl-c6">
         <path>C:\ti\ccsv7\tools\compiler\ti-cgt-arm_16.9.6.LTS\lib\</path>
         <kind>archive</kind>
         <file>rtsv7M4_T_le_v4SPD16_eabi.lib</file>
         <name>exit.obj</name>
      </input_file>
      <input_file id="fl-c7">
         <path>C:\ti\ccsv7\tools\compiler\ti-cgt-arm_16.9.6.LTS\lib\</path>
         <kind>archive</kind>
         <file>rtsv7M4_T_le_v4SPD16_eabi.lib</file>
         <name>fd_add_t2.obj</name>
      </input_file>
      <input_file id="fl-c8">
         <path>C:\ti\ccsv7\tools\compiler\ti-cgt-arm_16.9.6.LTS\lib\</path>
         <kind>archive</kind>
         <file>rtsv7M4_T_le_v4SPD16_eabi.lib</file>
         <name>fd_div_t2.obj</name>
      </input_file>
      <input_file id="fl-c9">
         <path>C:\ti\ccsv7\tools\compiler\ti-cgt-arm_16.9.6.LTS\lib\</path>
         <kind>archive</kind>
         <file>rtsv7M4_T_le_v4SPD16_eabi.lib</file>
         <name>fd_mul_t2.obj</name>
      </input_file>
      <input_file id="fl-ca">
         <path>C:\ti\ccsv7\tools\compiler\ti-cgt-arm_16.9.6.LTS\lib\</path>
         <kind>archive</kind>
         <file>rtsv7M4_T_le_v4SPD16_eabi.lib</file>
         <name>fd_tos_t2.obj</name>
      </input_file>
      <input_file id="fl-cb">
         <path>C:\ti\ccsv7\tools\compiler\ti-cgt-arm_16.9.6.LTS\lib\</path>
         <kind>archive</kind>
         <file>rtsv7M4_T_le_v4SPD16_eabi.lib</file>
         <name>fs_tod_t2.obj</name>
      </input_file>
      <input_file id="fl-cc">
         <path>C:\ti\ccsv7\tools\compiler\ti-cgt-arm_16.9.6.LTS\lib\</path>
         <kind>archive</kind>
         <file>rtsv7M4_T_le_v4SPD16_eabi.lib</file>
         <name>memcpy_t2.obj</name>
      </input_file>
      <input_file id="fl-cd">
         <path>C:\ti\ccsv7\tools\compiler\ti-cgt-arm_16.9.6.LTS\lib\</path>
         <kind>archive</kind>
         <file>rtsv7M4_T_le_v4SPD16_eabi.lib</file>
         <name>memset_t2.obj</name>
      </input_file>
      <input_file id="fl-ce">
         <path>C:\ti\ccsv7\tools\compiler\ti-cgt-arm_16.9.6.LTS\lib\</path>
         <kind>archive</kind>
         <file>rtsv7M4_T_le_v4SPD16_eabi.lib</file>
         <name>mpu_init.obj</name>
      </input_file>
      <input_file id="fl-cf">
         <path>C:\ti\ccsv7\tools\compiler\ti-cgt-arm_16.9.6.LTS\lib\</path>
         <kind>archive</kind>
         <file>rtsv7M4_T_le_v4SPD16_eabi.lib</file>
         <name>pre_init.obj</name>
      </input_file>
      <input_file id="fl-d0">
         <path>C:\ti\ccsv7\tools\compiler\ti-cgt-arm_16.9.6.LTS\lib\</path>
         <kind>archive</kind>
         <file>rtsv7M4_T_le_v4SPD16_eabi.lib</file>
         <name>s_atanf.obj</name>
      </input_file>
      <input_file id="fl-d1">
         <path>C:\ti\ccsv7\tools\compiler\ti-cgt-arm_16.9.6.LTS\lib\</path>
         <kind>archive</kind>
         <file>rtsv7M4_T_le_v4SPD16_eabi.lib</file>
         <name>stkdepth_vars.obj</name>
      </input_file>
      <input_file id="fl-d2">
         <path>C:\ti\ccsv7\tools\compiler\ti-cgt-arm_16.9.6.LTS\lib\</path>
         <kind>archive</kind>
         <file>rtsv7M4_T_le_v4SPD16_eabi.lib</file>
         <name>u_divt2.obj</name>
      </input_file>
      <input_file id="fl-d3">
         <path>C:\ti\ccsv7\tools\compiler\ti-cgt-arm_16.9.6.LTS\lib\</path>
         <kind>archive</kind>
         <file>rtsv7M4_T_le_v4SPD16_eabi.lib</file>
         <name>_lock.obj</name>
      </input_file>
      <input_file id="fl-d4">
         <path>C:\ti\ccsv7\tools\compiler\ti-cgt-arm_16.9.6.LTS\lib\</path>
         <kind>archive</kind>
         <file>rtsv7M4_T_le_v4SPD16_eabi.lib</file>
         <name>args_main.obj</name>
      </input_file>
      <input_file id="fl-d5">
         <path>C:\ti\ccsv7\tools\compiler\ti-cgt-arm_16.9.6.LTS\lib\</path>
         <kind>archive</kind>
         <file>rtsv7M4_T_le_v4SPD16_eabi.lib</file>
         <name>autoinit.obj</name>
      </input_file>
      <input_file id="fl-d6">
         <path>C:\ti\ccsv7\tools\compiler\ti-cgt-arm_16.9.6.LTS\lib\</path>
         <kind>archive</kind>
         <file>rtsv7M4_T_le_v4SPD16_eabi.lib</file>
         <name>cpy_tbl.obj</name>
      </input_file>
      <input_file id="fl-d7">
         <path>C:\ti\ccsv7\tools\compiler\ti-cgt-arm_16.9.6.LTS\lib\</path>
         <kind>archive</kind>
         <file>rtsv7M4_T_le_v4SPD16_eabi.lib</file>
         <name>i_div0.obj</name>
      </input_file>
      <input_file id="fl-d8">
         <path>C:\ti\ccsv7\tools\compiler\ti-cgt-arm_16.9.6.LTS\lib\</path>
         <kind>archive</kind>
         <file>rtsv7M4_T_le_v4SPD16_eabi.lib</file>
         <name>startup.obj</name>
      </input_file>
      <input_file id="fl-d9">
         <path>C:\ti\tivaware_c_series_2_1_4_178\IQmath\ccs\IQmathLib\Debug\</path>
         <kind>archive</kind>
         <file>IQmathLib.lib</file>
         <name>IQNtoF.obj</name>
      </input_file>
      <input_file id="fl-da">
         <path>C:\ti\tivaware_c_series_2_1_4_178\sensorlib\ccs\Debug\</path>
         <kind>archive</kind>
         <file>sensorlib.lib</file>
         <name>i2cm_drv.obj</name>
      </input_file>
      <input_file id="fl-db">
         <path>C:\ti\tivaware_c_series_2_1_4_178\sensorlib\ccs\Debug\</path>
         <kind>archive</kind>
         <file>sensorlib.lib</file>
         <name>mpu6050.obj</name>
      </input_file>
      <input_file id="fl-dc">
         <path>C:\ti\tivaware_c_series_2_1_4_178\driverlib\ccs\Debug\</path>
         <kind>archive</kind>
         <file>driverlib.lib</file>
         <name>gpio.obj</name>
      </input_file>
      <input_file id="fl-dd">
         <path>C:\ti\tivaware_c_series_2_1_4_178\driverlib\ccs\Debug\</path>
         <kind>archive</kind>
         <file>driverlib.lib</file>
         <name>i2c.obj</name>
      </input_file>
      <input_file id="fl-de">
         <path>C:\ti\tivaware_c_series_2_1_4_178\driverlib\ccs\Debug\</path>
         <kind>archive</kind>
         <file>driverlib.lib</file>
         <name>interrupt.obj</name>
      </input_file>
      <input_file id="fl-df">
         <path>C:\ti\tivaware_c_series_2_1_4_178\driverlib\ccs\Debug\</path>
         <kind>archive</kind>
         <file>driverlib.lib</file>
         <name>sysctl.obj</name>
      </input_file>
      <input_file id="fl-e0">
         <path>C:\ti\tivaware_c_series_2_1_4_178\driverlib\ccs\Debug\</path>
         <kind>archive</kind>
         <file>driverlib.lib</file>
         <name>uart.obj</name>
      </input_file>
      <input_file id="fl-e1">
         <path>C:\ti\tivaware_c_series_2_1_4_178\driverlib\ccs\Debug\</path>
         <kind>archive</kind>
         <file>driverlib.lib</file>
         <name>cpu.obj</name>
      </input_file>
   </input_file_list>
   <object_component_list>
      <object_component id="oc-f">
         <name>.intvecs</name>
         <load_address>0x0</load_address>
         <run_address>0x0</run_address>
         <size>0x26c</size>
         <input_file_ref idref="fl-3"/>
      </object_component>
      <object_component id="oc-31">
         <name>.text</name>
         <load_address>0x26c</load_address>
         <run_address>0x26c</run_address>
         <size>0x6cc</size>
         <input_file_ref idref="fl-2"/>
      </object_component>
      <object_component id="oc-107">
         <name>.text</name>
         <load_address>0x938</load_address>
         <run_address>0x938</run_address>
         <size>0x4dc</size>
         <input_file_ref idref="fl-4"/>
      </object_component>
      <object_component id="oc-95">
         <name>.text</name>
         <load_address>0xe14</load_address>
         <run_address>0xe14</run_address>
         <size>0x1b6</size>
         <input_file_ref idref="fl-c7"/>
      </object_component>
      <object_component id="oc-2bb">
         <name>.text</name>
         <load_address>0xfca</load_address>
         <run_address>0xfca</run_address>
         <size>0x2</size>
         <input_file_ref idref="fl-d7"/>
      </object_component>
      <object_component id="oc-9f">
         <name>.text</name>
         <load_address>0xfcc</load_address>
         <run_address>0xfcc</run_address>
         <size>0x158</size>
         <input_file_ref idref="fl-c5"/>
      </object_component>
      <object_component id="oc-1af">
         <name>.text</name>
         <load_address>0x1124</load_address>
         <run_address>0x1124</run_address>
         <size>0x150</size>
         <input_file_ref idref="fl-d0"/>
      </object_component>
      <object_component id="oc-8b">
         <name>.text</name>
         <load_address>0x1274</load_address>
         <run_address>0x1274</run_address>
         <size>0x136</size>
         <input_file_ref idref="fl-c8"/>
      </object_component>
      <object_component id="oc-1cb">
         <name>.text:GPIOPadConfigSet</name>
         <load_address>0x13aa</load_address>
         <run_address>0x13aa</run_address>
         <size>0x132</size>
         <input_file_ref idref="fl-dc"/>
      </object_component>
      <object_component id="oc-c8">
         <name>.text:SysCtlClockGet</name>
         <load_address>0x14dc</load_address>
         <run_address>0x14dc</run_address>
         <size>0x110</size>
         <input_file_ref idref="fl-df"/>
      </object_component>
      <object_component id="oc-90">
         <name>.text</name>
         <load_address>0x15ec</load_address>
         <run_address>0x15ec</run_address>
         <size>0xfc</size>
         <input_file_ref idref="fl-c9"/>
      </object_component>
      <object_component id="oc-10f">
         <name>.text:SysCtlClockSet</name>
         <load_address>0x16e8</load_address>
         <run_address>0x16e8</run_address>
         <size>0xf4</size>
         <input_file_ref idref="fl-df"/>
      </object_component>
      <object_component id="oc-80">
         <name>.text:I2CMIntHandler</name>
         <load_address>0x17dc</load_address>
         <run_address>0x17dc</run_address>
         <size>0xf2</size>
         <input_file_ref idref="fl-da"/>
      </object_component>
      <object_component id="oc-5d">
         <name>.text</name>
         <load_address>0x18ce</load_address>
         <run_address>0x18ce</run_address>
         <size>0x2</size>
         <input_file_ref idref="fl-ce"/>
      </object_component>
      <object_component id="oc-1f2">
         <name>.text:MPU6050Callback</name>
         <load_address>0x18d0</load_address>
         <run_address>0x18d0</run_address>
         <size>0xf0</size>
         <input_file_ref idref="fl-db"/>
      </object_component>
      <object_component id="oc-45">
         <name>.text</name>
         <load_address>0x19c0</load_address>
         <run_address>0x19c0</run_address>
         <size>0x9c</size>
         <input_file_ref idref="fl-cc"/>
      </object_component>
      <object_component id="oc-1a2">
         <name>.text:I2CMStateIdle</name>
         <load_address>0x1a5c</load_address>
         <run_address>0x1a5c</run_address>
         <size>0x98</size>
         <input_file_ref idref="fl-da"/>
      </object_component>
      <object_component id="oc-1ec">
         <name>.text:I2CMCommand</name>
         <load_address>0x1af4</load_address>
         <run_address>0x1af4</run_address>
         <size>0x88</size>
         <input_file_ref idref="fl-da"/>
      </object_component>
      <object_component id="oc-51">
         <name>.text</name>
         <load_address>0x1b7c</load_address>
         <run_address>0x1b7c</run_address>
         <size>0x7a</size>
         <input_file_ref idref="fl-cd"/>
      </object_component>
      <object_component id="oc-145">
         <name>.text</name>
         <load_address>0x1bf6</load_address>
         <run_address>0x1bf6</run_address>
         <size>0x2</size>
         <input_file_ref idref="fl-d8"/>
      </object_component>
      <object_component id="oc-1fa">
         <name>.text:I2CMReadModifyWrite8</name>
         <load_address>0x1bf8</load_address>
         <run_address>0x1bf8</run_address>
         <size>0x78</size>
         <input_file_ref idref="fl-da"/>
      </object_component>
      <object_component id="oc-ef">
         <name>.text:MPU6050DataAccelGetFloat</name>
         <load_address>0x1c70</load_address>
         <run_address>0x1c70</run_address>
         <size>0x70</size>
         <input_file_ref idref="fl-db"/>
      </object_component>
      <object_component id="oc-f5">
         <name>.text:MPU6050DataGyroGetFloat</name>
         <load_address>0x1ce0</load_address>
         <run_address>0x1ce0</run_address>
         <size>0x70</size>
         <input_file_ref idref="fl-db"/>
      </object_component>
      <object_component id="oc-69">
         <name>.text</name>
         <load_address>0x1d50</load_address>
         <run_address>0x1d50</run_address>
         <size>0x70</size>
         <input_file_ref idref="fl-d5"/>
      </object_component>
      <object_component id="oc-9a">
         <name>.text</name>
         <load_address>0x1dc0</load_address>
         <run_address>0x1dc0</run_address>
         <size>0x6e</size>
         <input_file_ref idref="fl-ca"/>
      </object_component>
      <object_component id="oc-29a">
         <name>.text:IntDisable</name>
         <load_address>0x1e30</load_address>
         <run_address>0x1e30</run_address>
         <size>0x68</size>
         <input_file_ref idref="fl-de"/>
      </object_component>
      <object_component id="oc-1df">
         <name>.text:IntEnable</name>
         <load_address>0x1e98</load_address>
         <run_address>0x1e98</run_address>
         <size>0x68</size>
         <input_file_ref idref="fl-de"/>
      </object_component>
      <object_component id="oc-12">
         <name>.text:decompress:lzss</name>
         <load_address>0x1f00</load_address>
         <run_address>0x1f00</run_address>
         <size>0x68</size>
         <input_file_ref idref="fl-c2"/>
      </object_component>
      <object_component id="oc-294">
         <name>.text:IntIsEnabled</name>
         <load_address>0x1f68</load_address>
         <run_address>0x1f68</run_address>
         <size>0x64</size>
         <input_file_ref idref="fl-de"/>
      </object_component>
      <object_component id="oc-2aa">
         <name>.text:I2CMReadModifyWrite8Callback</name>
         <load_address>0x1fcc</load_address>
         <run_address>0x1fcc</run_address>
         <size>0x60</size>
         <input_file_ref idref="fl-da"/>
      </object_component>
      <object_component id="oc-190">
         <name>.text:I2CMStateWritePause</name>
         <load_address>0x202c</load_address>
         <run_address>0x202c</run_address>
         <size>0x5e</size>
         <input_file_ref idref="fl-da"/>
      </object_component>
      <object_component id="oc-da">
         <name>.text:MPU6050Init</name>
         <load_address>0x208c</load_address>
         <run_address>0x208c</run_address>
         <size>0x5c</size>
         <input_file_ref idref="fl-db"/>
      </object_component>
      <object_component id="oc-e9">
         <name>.text:MPU6050DataRead</name>
         <load_address>0x20e8</load_address>
         <run_address>0x20e8</run_address>
         <size>0x54</size>
         <input_file_ref idref="fl-db"/>
      </object_component>
      <object_component id="oc-24">
         <name>.text</name>
         <load_address>0x213c</load_address>
         <run_address>0x213c</run_address>
         <size>0x54</size>
         <input_file_ref idref="fl-c1"/>
      </object_component>
      <object_component id="oc-75">
         <name>.text</name>
         <load_address>0x2190</load_address>
         <run_address>0x2190</run_address>
         <size>0x54</size>
         <input_file_ref idref="fl-c6"/>
      </object_component>
      <object_component id="oc-196">
         <name>.text:I2CMStateWriteFinal</name>
         <load_address>0x21e4</load_address>
         <run_address>0x21e4</run_address>
         <size>0x50</size>
         <input_file_ref idref="fl-da"/>
      </object_component>
      <object_component id="oc-b0">
         <name>.text:SysCtlPeripheralReset</name>
         <load_address>0x2234</load_address>
         <run_address>0x2234</run_address>
         <size>0x50</size>
         <input_file_ref idref="fl-df"/>
      </object_component>
      <object_component id="oc-ce">
         <name>.text:I2CMasterInitExpClk</name>
         <load_address>0x2284</load_address>
         <run_address>0x2284</run_address>
         <size>0x4c</size>
         <input_file_ref idref="fl-dd"/>
      </object_component>
      <object_component id="oc-e0">
         <name>.text:MPU6050ReadModifyWrite</name>
         <load_address>0x22d0</load_address>
         <run_address>0x22d0</run_address>
         <size>0x4c</size>
         <input_file_ref idref="fl-db"/>
      </object_component>
      <object_component id="oc-13f">
         <name>.text</name>
         <load_address>0x231c</load_address>
         <run_address>0x231c</run_address>
         <size>0x4c</size>
         <input_file_ref idref="fl-d6"/>
      </object_component>
      <object_component id="oc-17e">
         <name>.text:I2CMStateReadNext</name>
         <load_address>0x2368</load_address>
         <run_address>0x2368</run_address>
         <size>0x4a</size>
         <input_file_ref idref="fl-da"/>
      </object_component>
      <object_component id="oc-b6">
         <name>.text:GPIOPinConfigure</name>
         <load_address>0x23b4</load_address>
         <run_address>0x23b4</run_address>
         <size>0x48</size>
         <input_file_ref idref="fl-dc"/>
      </object_component>
      <object_component id="oc-19c">
         <name>.text:I2CMStateWriteNext</name>
         <load_address>0x23fc</load_address>
         <run_address>0x23fc</run_address>
         <size>0x48</size>
         <input_file_ref idref="fl-da"/>
      </object_component>
      <object_component id="oc-166">
         <name>.text:I2CMStateCallback</name>
         <load_address>0x2444</load_address>
         <run_address>0x2444</run_address>
         <size>0x44</size>
         <input_file_ref idref="fl-da"/>
      </object_component>
      <object_component id="oc-178">
         <name>.text:I2CMStateReadFinal</name>
         <load_address>0x2488</load_address>
         <run_address>0x2488</run_address>
         <size>0x42</size>
         <input_file_ref idref="fl-da"/>
      </object_component>
      <object_component id="oc-21f">
         <name>.text</name>
         <load_address>0x24ca</load_address>
         <run_address>0x24ca</run_address>
         <size>0x40</size>
         <input_file_ref idref="fl-d2"/>
      </object_component>
      <object_component id="oc-172">
         <name>.text:I2CMStateReadPause</name>
         <load_address>0x250a</load_address>
         <run_address>0x250a</run_address>
         <size>0x3e</size>
         <input_file_ref idref="fl-da"/>
      </object_component>
      <object_component id="oc-86">
         <name>.text</name>
         <load_address>0x2548</load_address>
         <run_address>0x2548</run_address>
         <size>0x38</size>
         <input_file_ref idref="fl-cb"/>
      </object_component>
      <object_component id="oc-d4">
         <name>.text:I2CMInit</name>
         <load_address>0x2580</load_address>
         <run_address>0x2580</run_address>
         <size>0x34</size>
         <input_file_ref idref="fl-da"/>
      </object_component>
      <object_component id="oc-aa">
         <name>.text:SysCtlPeripheralEnable</name>
         <load_address>0x25b4</load_address>
         <run_address>0x25b4</run_address>
         <size>0x34</size>
         <input_file_ref idref="fl-df"/>
      </object_component>
      <object_component id="oc-1c5">
         <name>.text:GPIODirModeSet</name>
         <load_address>0x25e8</load_address>
         <run_address>0x25e8</run_address>
         <size>0x2a</size>
         <input_file_ref idref="fl-dc"/>
      </object_component>
      <object_component id="oc-184">
         <name>.text:I2CMStateReadFirst</name>
         <load_address>0x2612</load_address>
         <run_address>0x2612</run_address>
         <size>0x2a</size>
         <input_file_ref idref="fl-da"/>
      </object_component>
      <object_component id="oc-a5">
         <name>.text:_IQ21toF</name>
         <load_address>0x263c</load_address>
         <run_address>0x263c</run_address>
         <size>0x24</size>
         <input_file_ref idref="fl-d9"/>
      </object_component>
      <object_component id="oc-18a">
         <name>.text:I2CMStateReadOne</name>
         <load_address>0x2660</load_address>
         <run_address>0x2660</run_address>
         <size>0x20</size>
         <input_file_ref idref="fl-da"/>
      </object_component>
      <object_component id="oc-16c">
         <name>.text:I2CMStateReadWait</name>
         <load_address>0x2680</load_address>
         <run_address>0x2680</run_address>
         <size>0x1a</size>
         <input_file_ref idref="fl-da"/>
      </object_component>
      <object_component id="oc-6f">
         <name>.text</name>
         <load_address>0x269c</load_address>
         <run_address>0x269c</run_address>
         <size>0x18</size>
         <input_file_ref idref="fl-d4"/>
      </object_component>
      <object_component id="oc-249">
         <name>.text</name>
         <load_address>0x26b4</load_address>
         <run_address>0x26b4</run_address>
         <size>0x14</size>
         <input_file_ref idref="fl-d3"/>
      </object_component>
      <object_component id="oc-c2">
         <name>.text:GPIOPinTypeI2C</name>
         <load_address>0x26c8</load_address>
         <run_address>0x26c8</run_address>
         <size>0x12</size>
         <input_file_ref idref="fl-dc"/>
      </object_component>
      <object_component id="oc-bc">
         <name>.text:GPIOPinTypeI2CSCL</name>
         <load_address>0x26da</load_address>
         <run_address>0x26da</run_address>
         <size>0x12</size>
         <input_file_ref idref="fl-dc"/>
      </object_component>
      <object_component id="oc-fb">
         <name>.text:GPIOPinTypeUART</name>
         <load_address>0x26ec</load_address>
         <run_address>0x26ec</run_address>
         <size>0x12</size>
         <input_file_ref idref="fl-dc"/>
      </object_component>
      <object_component id="oc-18">
         <name>.text:decompress:none</name>
         <load_address>0x26fe</load_address>
         <run_address>0x26fe</run_address>
         <size>0xe</size>
         <input_file_ref idref="fl-c3"/>
      </object_component>
      <object_component id="oc-2a0">
         <name>.text:IntTrigger</name>
         <load_address>0x270c</load_address>
         <run_address>0x270c</run_address>
         <size>0xc</size>
         <input_file_ref idref="fl-de"/>
      </object_component>
      <object_component id="oc-1e">
         <name>.text:decompress:ZI</name>
         <load_address>0x2718</load_address>
         <run_address>0x2718</run_address>
         <size>0xc</size>
         <input_file_ref idref="fl-c4"/>
      </object_component>
      <object_component id="oc-2b">
         <name>.text</name>
         <load_address>0x2724</load_address>
         <run_address>0x2724</run_address>
         <size>0xc</size>
         <input_file_ref idref="fl-3"/>
      </object_component>
      <object_component id="oc-1d7">
         <name>.text:I2CMasterEnable</name>
         <load_address>0x2730</load_address>
         <run_address>0x2730</run_address>
         <size>0xa</size>
         <input_file_ref idref="fl-dd"/>
      </object_component>
      <object_component id="oc-15a">
         <name>.text:I2CMasterIntClear</name>
         <load_address>0x273a</load_address>
         <run_address>0x273a</run_address>
         <size>0x8</size>
         <input_file_ref idref="fl-dd"/>
      </object_component>
      <object_component id="oc-1e5">
         <name>.text:I2CMasterIntEnableEx</name>
         <load_address>0x2742</load_address>
         <run_address>0x2742</run_address>
         <size>0x8</size>
         <input_file_ref idref="fl-dd"/>
      </object_component>
      <object_component id="oc-262">
         <name>.text:I2CMasterSlaveAddrSet</name>
         <load_address>0x274a</load_address>
         <run_address>0x274a</run_address>
         <size>0x8</size>
         <input_file_ref idref="fl-dd"/>
      </object_component>
      <object_component id="oc-10d">
         <name>.text:SysCtlDelay</name>
         <load_address>0x2752</load_address>
         <run_address>0x2752</run_address>
         <size>0x6</size>
         <input_file_ref idref="fl-df"/>
      </object_component>
      <object_component id="oc-101">
         <name>.text:UARTClockSourceSet</name>
         <load_address>0x2758</load_address>
         <run_address>0x2758</run_address>
         <size>0x6</size>
         <input_file_ref idref="fl-e0"/>
      </object_component>
      <object_component id="oc-160">
         <name>.text:I2CMasterControl</name>
         <load_address>0x275e</load_address>
         <run_address>0x275e</run_address>
         <size>0x4</size>
         <input_file_ref idref="fl-dd"/>
      </object_component>
      <object_component id="oc-258">
         <name>.text:I2CMasterDataGet</name>
         <load_address>0x2762</load_address>
         <run_address>0x2762</run_address>
         <size>0x4</size>
         <input_file_ref idref="fl-dd"/>
      </object_component>
      <object_component id="oc-26a">
         <name>.text:I2CMasterDataPut</name>
         <load_address>0x2766</load_address>
         <run_address>0x2766</run_address>
         <size>0x4</size>
         <input_file_ref idref="fl-dd"/>
      </object_component>
      <object_component id="oc-63">
         <name>.text</name>
         <load_address>0x276a</load_address>
         <run_address>0x276a</run_address>
         <size>0x4</size>
         <input_file_ref idref="fl-cf"/>
      </object_component>
      <object_component id="oc-1c0">
         <name>.const:g_pui32GPIOBaseAddrs</name>
         <load_address>0x2770</load_address>
         <run_address>0x2770</run_address>
         <size>0x90</size>
         <input_file_ref idref="fl-dc"/>
      </object_component>
      <object_component id="oc-28e">
         <name>.const</name>
         <load_address>0x2800</load_address>
         <run_address>0x2800</run_address>
         <size>0x70</size>
         <input_file_ref idref="fl-de"/>
      </object_component>
      <object_component id="oc-1d3">
         <name>.const:g_pui32Xtals</name>
         <load_address>0x2870</load_address>
         <run_address>0x2870</run_address>
         <size>0x6c</size>
         <input_file_ref idref="fl-df"/>
      </object_component>
      <object_component id="oc-276">
         <name>.const:$O1$$</name>
         <load_address>0x28dc</load_address>
         <run_address>0x28dc</run_address>
         <size>0x34</size>
         <input_file_ref idref="fl-d0"/>
      </object_component>
      <object_component id="oc-20e">
         <name>.const</name>
         <load_address>0x2910</load_address>
         <run_address>0x2910</run_address>
         <size>0x20</size>
         <input_file_ref idref="fl-db"/>
      </object_component>
      <object_component id="oc-2c2">
         <name>.const:.string</name>
         <load_address>0x2930</load_address>
         <run_address>0x2930</run_address>
         <size>0x12</size>
         <input_file_ref idref="fl-4"/>
      </object_component>
      <object_component id="oc-21c">
         <name>.const:g_ui32UARTBase</name>
         <load_address>0x2944</load_address>
         <run_address>0x2944</run_address>
         <size>0xc</size>
         <input_file_ref idref="fl-4"/>
      </object_component>
      <object_component id="oc-216">
         <name>.const:g_ui32UARTPeriph</name>
         <load_address>0x2950</load_address>
         <run_address>0x2950</run_address>
         <size>0xc</size>
         <input_file_ref idref="fl-4"/>
      </object_component>
      <object_component id="oc-224">
         <name>.const</name>
         <load_address>0x295c</load_address>
         <run_address>0x295c</run_address>
         <size>0x4</size>
         <input_file_ref idref="fl-4"/>
      </object_component>
      <object_component id="oc-309">
         <name>.cinit..data.load</name>
         <load_address>0x2960</load_address>
         <run_address>0x2960</run_address>
         <size>0x11</size>
      </object_component>
      <object_component id="oc-307">
         <name>__TI_handler_table</name>
         <load_address>0x2974</load_address>
         <run_address>0x2974</run_address>
         <size>0xc</size>
      </object_component>
      <object_component id="oc-30a">
         <name>.cinit..bss.load</name>
         <load_address>0x2980</load_address>
         <run_address>0x2980</run_address>
         <size>0x8</size>
      </object_component>
      <object_component id="oc-308">
         <name>__TI_cinit_table</name>
         <load_address>0x2988</load_address>
         <run_address>0x2988</run_address>
         <size>0x10</size>
      </object_component>
      <object_component id="oc-219">
         <name>.data</name>
         <load_address>0x2000033c</load_address>
         <run_address>0x2000033c</run_address>
         <size>0x5</size>
         <input_file_ref idref="fl-4"/>
      </object_component>
      <object_component id="oc-14f">
         <name>.data:$O1$$</name>
         <load_address>0x20000328</load_address>
         <run_address>0x20000328</run_address>
         <size>0xc</size>
         <input_file_ref idref="fl-c6"/>
      </object_component>
      <object_component id="oc-7b">
         <name>.data</name>
         <load_address>0x20000344</load_address>
         <run_address>0x20000344</run_address>
         <size>0x4</size>
         <input_file_ref idref="fl-d1"/>
      </object_component>
      <object_component id="oc-152">
         <name>.data:$O1$$</name>
         <load_address>0x20000334</load_address>
         <run_address>0x20000334</run_address>
         <size>0x8</size>
         <input_file_ref idref="fl-d3"/>
      </object_component>
      <object_component id="oc-10e">
         <name>.common:g_bMPU6050Done</name>
         <uninitialized>true</uninitialized>
         <run_address>0x20000324</run_address>
         <size>0x1</size>
      </object_component>
      <object_component id="oc-e6">
         <name>.common:g_sI2CMSimpleInst</name>
         <uninitialized>true</uninitialized>
         <run_address>0x20000200</run_address>
         <size>0x124</size>
      </object_component>
      <object_component id="oc-2a">
         <name>.stack</name>
         <uninitialized>true</uninitialized>
         <run_address>0x20000000</run_address>
         <size>0x0</size>
         <input_file_ref idref="fl-c1"/>
      </object_component>
      <object_component id="oc-30b">
         <name>.stack</name>
         <uninitialized>true</uninitialized>
         <run_address>0x20000000</run_address>
         <size>0x0</size>
      </object_component>
      <object_component id="oc-e7">
         <name>.debug_info</name>
         <load_address>0x0</load_address>
         <run_address>0x0</run_address>
         <size>0x9be</size>
         <input_file_ref idref="fl-2"/>
      </object_component>
      <object_component id="oc-32">
         <name>.debug_info</name>
         <load_address>0x9be</load_address>
         <run_address>0x9be</run_address>
         <size>0xc87</size>
         <input_file_ref idref="fl-2"/>
      </object_component>
      <object_component id="oc-203">
         <name>.debug_info</name>
         <load_address>0x1645</load_address>
         <run_address>0x1645</run_address>
         <size>0x4e6</size>
         <input_file_ref idref="fl-2"/>
      </object_component>
      <object_component id="oc-120">
         <name>.debug_info</name>
         <load_address>0x1b2b</load_address>
         <run_address>0x1b2b</run_address>
         <size>0x158</size>
         <input_file_ref idref="fl-2"/>
      </object_component>
      <object_component id="oc-116">
         <name>.debug_info</name>
         <load_address>0x1c83</load_address>
         <run_address>0x1c83</run_address>
         <size>0x8b</size>
         <input_file_ref idref="fl-2"/>
      </object_component>
      <object_component id="oc-11b">
         <name>.debug_info</name>
         <load_address>0x1d0e</load_address>
         <run_address>0x1d0e</run_address>
         <size>0x18b</size>
         <input_file_ref idref="fl-2"/>
      </object_component>
      <object_component id="oc-208">
         <name>.debug_info</name>
         <load_address>0x1e99</load_address>
         <run_address>0x1e99</run_address>
         <size>0x1b2</size>
         <input_file_ref idref="fl-2"/>
      </object_component>
      <object_component id="oc-229">
         <name>.debug_info</name>
         <load_address>0x204b</load_address>
         <run_address>0x204b</run_address>
         <size>0x4e</size>
         <input_file_ref idref="fl-2"/>
      </object_component>
      <object_component id="oc-39">
         <name>.debug_info</name>
         <load_address>0x2099</load_address>
         <run_address>0x2099</run_address>
         <size>0x2bf</size>
         <input_file_ref idref="fl-3"/>
      </object_component>
      <object_component id="oc-10">
         <name>.debug_info</name>
         <load_address>0x2358</load_address>
         <run_address>0x2358</run_address>
         <size>0xe0</size>
         <input_file_ref idref="fl-3"/>
      </object_component>
      <object_component id="oc-2d">
         <name>.debug_info</name>
         <load_address>0x2438</load_address>
         <run_address>0x2438</run_address>
         <size>0x25c</size>
         <input_file_ref idref="fl-3"/>
      </object_component>
      <object_component id="oc-40">
         <name>.debug_info</name>
         <load_address>0x2694</load_address>
         <run_address>0x2694</run_address>
         <size>0x84</size>
         <input_file_ref idref="fl-3"/>
      </object_component>
      <object_component id="oc-228">
         <name>.debug_info</name>
         <load_address>0x2718</load_address>
         <run_address>0x2718</run_address>
         <size>0x27f</size>
         <input_file_ref idref="fl-4"/>
      </object_component>
      <object_component id="oc-21a">
         <name>.debug_info</name>
         <load_address>0x2997</load_address>
         <run_address>0x2997</run_address>
         <size>0xcc</size>
         <input_file_ref idref="fl-4"/>
      </object_component>
      <object_component id="oc-225">
         <name>.debug_info</name>
         <load_address>0x2a63</load_address>
         <run_address>0x2a63</run_address>
         <size>0xc6</size>
         <input_file_ref idref="fl-4"/>
      </object_component>
      <object_component id="oc-21d">
         <name>.debug_info</name>
         <load_address>0x2b29</load_address>
         <run_address>0x2b29</run_address>
         <size>0xd4</size>
         <input_file_ref idref="fl-4"/>
      </object_component>
      <object_component id="oc-217">
         <name>.debug_info</name>
         <load_address>0x2bfd</load_address>
         <run_address>0x2bfd</run_address>
         <size>0xd8</size>
         <input_file_ref idref="fl-4"/>
      </object_component>
      <object_component id="oc-108">
         <name>.debug_info</name>
         <load_address>0x2cd5</load_address>
         <run_address>0x2cd5</run_address>
         <size>0x6f4</size>
         <input_file_ref idref="fl-4"/>
      </object_component>
      <object_component id="oc-26">
         <name>.debug_info</name>
         <load_address>0x33c9</load_address>
         <run_address>0x33c9</run_address>
         <size>0x160</size>
         <input_file_ref idref="fl-c1"/>
      </object_component>
      <object_component id="oc-12c">
         <name>.debug_info</name>
         <load_address>0x3529</load_address>
         <run_address>0x3529</run_address>
         <size>0x293</size>
         <input_file_ref idref="fl-c2"/>
      </object_component>
      <object_component id="oc-15">
         <name>.debug_info</name>
         <load_address>0x37bc</load_address>
         <run_address>0x37bc</run_address>
         <size>0x245</size>
         <input_file_ref idref="fl-c2"/>
      </object_component>
      <object_component id="oc-3b">
         <name>.debug_info</name>
         <load_address>0x3a01</load_address>
         <run_address>0x3a01</run_address>
         <size>0x60</size>
         <input_file_ref idref="fl-c2"/>
      </object_component>
      <object_component id="oc-127">
         <name>.debug_info</name>
         <load_address>0x3a61</load_address>
         <run_address>0x3a61</run_address>
         <size>0x46</size>
         <input_file_ref idref="fl-c2"/>
      </object_component>
      <object_component id="oc-50">
         <name>.debug_info</name>
         <load_address>0x3aa7</load_address>
         <run_address>0x3aa7</run_address>
         <size>0x2da</size>
         <input_file_ref idref="fl-c3"/>
      </object_component>
      <object_component id="oc-1c">
         <name>.debug_info</name>
         <load_address>0x3d81</load_address>
         <run_address>0x3d81</run_address>
         <size>0x1df</size>
         <input_file_ref idref="fl-c3"/>
      </object_component>
      <object_component id="oc-4b">
         <name>.debug_info</name>
         <load_address>0x3f60</load_address>
         <run_address>0x3f60</run_address>
         <size>0x46</size>
         <input_file_ref idref="fl-c3"/>
      </object_component>
      <object_component id="oc-12e">
         <name>.debug_info</name>
         <load_address>0x3fa6</load_address>
         <run_address>0x3fa6</run_address>
         <size>0x2c</size>
         <input_file_ref idref="fl-c3"/>
      </object_component>
      <object_component id="oc-5c">
         <name>.debug_info</name>
         <load_address>0x3fd2</load_address>
         <run_address>0x3fd2</run_address>
         <size>0x2c9</size>
         <input_file_ref idref="fl-c4"/>
      </object_component>
      <object_component id="oc-1f">
         <name>.debug_info</name>
         <load_address>0x429b</load_address>
         <run_address>0x429b</run_address>
         <size>0x1aa</size>
         <input_file_ref idref="fl-c4"/>
      </object_component>
      <object_component id="oc-57">
         <name>.debug_info</name>
         <load_address>0x4445</load_address>
         <run_address>0x4445</run_address>
         <size>0x46</size>
         <input_file_ref idref="fl-c4"/>
      </object_component>
      <object_component id="oc-136">
         <name>.debug_info</name>
         <load_address>0x448b</load_address>
         <run_address>0x448b</run_address>
         <size>0x2c</size>
         <input_file_ref idref="fl-c4"/>
      </object_component>
      <object_component id="oc-1b6">
         <name>.debug_info</name>
         <load_address>0x44b7</load_address>
         <run_address>0x44b7</run_address>
         <size>0x2da</size>
         <input_file_ref idref="fl-c5"/>
      </object_component>
      <object_component id="oc-a3">
         <name>.debug_info</name>
         <load_address>0x4791</load_address>
         <run_address>0x4791</run_address>
         <size>0x1df</size>
         <input_file_ref idref="fl-c5"/>
      </object_component>
      <object_component id="oc-1b7">
         <name>.debug_info</name>
         <load_address>0x4970</load_address>
         <run_address>0x4970</run_address>
         <size>0x2c</size>
         <input_file_ref idref="fl-c5"/>
      </object_component>
      <object_component id="oc-156">
         <name>.debug_info</name>
         <load_address>0x499c</load_address>
         <run_address>0x499c</run_address>
         <size>0x3ce</size>
         <input_file_ref idref="fl-c6"/>
      </object_component>
      <object_component id="oc-150">
         <name>.debug_info</name>
         <load_address>0x4d6a</load_address>
         <run_address>0x4d6a</run_address>
         <size>0x185</size>
         <input_file_ref idref="fl-c6"/>
      </object_component>
      <object_component id="oc-76">
         <name>.debug_info</name>
         <load_address>0x4eef</load_address>
         <run_address>0x4eef</run_address>
         <size>0x214</size>
         <input_file_ref idref="fl-c6"/>
      </object_component>
      <object_component id="oc-96">
         <name>.debug_info</name>
         <load_address>0x5103</load_address>
         <run_address>0x5103</run_address>
         <size>0x144</size>
         <input_file_ref idref="fl-c7"/>
      </object_component>
      <object_component id="oc-8e">
         <name>.debug_info</name>
         <load_address>0x5247</load_address>
         <run_address>0x5247</run_address>
         <size>0x132</size>
         <input_file_ref idref="fl-c8"/>
      </object_component>
      <object_component id="oc-92">
         <name>.debug_info</name>
         <load_address>0x5379</load_address>
         <run_address>0x5379</run_address>
         <size>0x132</size>
         <input_file_ref idref="fl-c9"/>
      </object_component>
      <object_component id="oc-9d">
         <name>.debug_info</name>
         <load_address>0x54ab</load_address>
         <run_address>0x54ab</run_address>
         <size>0x136</size>
         <input_file_ref idref="fl-ca"/>
      </object_component>
      <object_component id="oc-87">
         <name>.debug_info</name>
         <load_address>0x55e1</load_address>
         <run_address>0x55e1</run_address>
         <size>0x124</size>
         <input_file_ref idref="fl-cb"/>
      </object_component>
      <object_component id="oc-47">
         <name>.debug_info</name>
         <load_address>0x5705</load_address>
         <run_address>0x5705</run_address>
         <size>0x111</size>
         <input_file_ref idref="fl-cc"/>
      </object_component>
      <object_component id="oc-52">
         <name>.debug_info</name>
         <load_address>0x5816</load_address>
         <run_address>0x5816</run_address>
         <size>0x13f</size>
         <input_file_ref idref="fl-cd"/>
      </object_component>
      <object_component id="oc-60">
         <name>.debug_info</name>
         <load_address>0x5955</load_address>
         <run_address>0x5955</run_address>
         <size>0x138</size>
         <input_file_ref idref="fl-ce"/>
      </object_component>
      <object_component id="oc-67">
         <name>.debug_info</name>
         <load_address>0x5a8d</load_address>
         <run_address>0x5a8d</run_address>
         <size>0x148</size>
         <input_file_ref idref="fl-cf"/>
      </object_component>
      <object_component id="oc-2db">
         <name>.debug_info</name>
         <load_address>0x5bd5</load_address>
         <run_address>0x5bd5</run_address>
         <size>0x321</size>
         <input_file_ref idref="fl-d0"/>
      </object_component>
      <object_component id="oc-277">
         <name>.debug_info</name>
         <load_address>0x5ef6</load_address>
         <run_address>0x5ef6</run_address>
         <size>0x127</size>
         <input_file_ref idref="fl-d0"/>
      </object_component>
      <object_component id="oc-1b0">
         <name>.debug_info</name>
         <load_address>0x601d</load_address>
         <run_address>0x601d</run_address>
         <size>0x1a2</size>
         <input_file_ref idref="fl-d0"/>
      </object_component>
      <object_component id="oc-7c">
         <name>.debug_info</name>
         <load_address>0x61bf</load_address>
         <run_address>0x61bf</run_address>
         <size>0x109</size>
         <input_file_ref idref="fl-d1"/>
      </object_component>
      <object_component id="oc-220">
         <name>.debug_info</name>
         <load_address>0x62c8</load_address>
         <run_address>0x62c8</run_address>
         <size>0x13a</size>
         <input_file_ref idref="fl-d2"/>
      </object_component>
      <object_component id="oc-251">
         <name>.debug_info</name>
         <load_address>0x6402</load_address>
         <run_address>0x6402</run_address>
         <size>0x2be</size>
         <input_file_ref idref="fl-d3"/>
      </object_component>
      <object_component id="oc-153">
         <name>.debug_info</name>
         <load_address>0x66c0</load_address>
         <run_address>0x66c0</run_address>
         <size>0x113</size>
         <input_file_ref idref="fl-d3"/>
      </object_component>
      <object_component id="oc-24a">
         <name>.debug_info</name>
         <load_address>0x67d3</load_address>
         <run_address>0x67d3</run_address>
         <size>0x21f</size>
         <input_file_ref idref="fl-d3"/>
      </object_component>
      <object_component id="oc-14e">
         <name>.debug_info</name>
         <load_address>0x69f2</load_address>
         <run_address>0x69f2</run_address>
         <size>0x300</size>
         <input_file_ref idref="fl-d4"/>
      </object_component>
      <object_component id="oc-73">
         <name>.debug_info</name>
         <load_address>0x6cf2</load_address>
         <run_address>0x6cf2</run_address>
         <size>0x167</size>
         <input_file_ref idref="fl-d4"/>
      </object_component>
      <object_component id="oc-242">
         <name>.debug_info</name>
         <load_address>0x6e59</load_address>
         <run_address>0x6e59</run_address>
         <size>0x5e</size>
         <input_file_ref idref="fl-d4"/>
      </object_component>
      <object_component id="oc-14c">
         <name>.debug_info</name>
         <load_address>0x6eb7</load_address>
         <run_address>0x6eb7</run_address>
         <size>0x483</size>
         <input_file_ref idref="fl-d5"/>
      </object_component>
      <object_component id="oc-6b">
         <name>.debug_info</name>
         <load_address>0x733a</load_address>
         <run_address>0x733a</run_address>
         <size>0x190</size>
         <input_file_ref idref="fl-d5"/>
      </object_component>
      <object_component id="oc-236">
         <name>.debug_info</name>
         <load_address>0x74ca</load_address>
         <run_address>0x74ca</run_address>
         <size>0x39</size>
         <input_file_ref idref="fl-d5"/>
      </object_component>
      <object_component id="oc-2ce">
         <name>.debug_info</name>
         <load_address>0x7503</load_address>
         <run_address>0x7503</run_address>
         <size>0x39</size>
         <input_file_ref idref="fl-d5"/>
      </object_component>
      <object_component id="oc-23b">
         <name>.debug_info</name>
         <load_address>0x753c</load_address>
         <run_address>0x753c</run_address>
         <size>0xcd</size>
         <input_file_ref idref="fl-d5"/>
      </object_component>
      <object_component id="oc-232">
         <name>.debug_info</name>
         <load_address>0x7609</load_address>
         <run_address>0x7609</run_address>
         <size>0x37a</size>
         <input_file_ref idref="fl-d6"/>
      </object_component>
      <object_component id="oc-140">
         <name>.debug_info</name>
         <load_address>0x7983</load_address>
         <run_address>0x7983</run_address>
         <size>0x183</size>
         <input_file_ref idref="fl-d6"/>
      </object_component>
      <object_component id="oc-2c9">
         <name>.debug_info</name>
         <load_address>0x7b06</load_address>
         <run_address>0x7b06</run_address>
         <size>0x2c</size>
         <input_file_ref idref="fl-d6"/>
      </object_component>
      <object_component id="oc-2bd">
         <name>.debug_info</name>
         <load_address>0x7b32</load_address>
         <run_address>0x7b32</run_address>
         <size>0x147</size>
         <input_file_ref idref="fl-d7"/>
      </object_component>
      <object_component id="oc-146">
         <name>.debug_info</name>
         <load_address>0x7c79</load_address>
         <run_address>0x7c79</run_address>
         <size>0x145</size>
         <input_file_ref idref="fl-d8"/>
      </object_component>
      <object_component id="oc-a7">
         <name>.debug_info</name>
         <load_address>0x7dbe</load_address>
         <run_address>0x7dbe</run_address>
         <size>0x1b3</size>
         <input_file_ref idref="fl-d9"/>
      </object_component>
      <object_component id="oc-1a9">
         <name>.debug_info</name>
         <load_address>0x7f71</load_address>
         <run_address>0x7f71</run_address>
         <size>0x44b</size>
         <input_file_ref idref="fl-da"/>
      </object_component>
      <object_component id="oc-1ed">
         <name>.debug_info</name>
         <load_address>0x83bc</load_address>
         <run_address>0x83bc</run_address>
         <size>0x484</size>
         <input_file_ref idref="fl-da"/>
      </object_component>
      <object_component id="oc-2ab">
         <name>.debug_info</name>
         <load_address>0x8840</load_address>
         <run_address>0x8840</run_address>
         <size>0x2f2</size>
         <input_file_ref idref="fl-da"/>
      </object_component>
      <object_component id="oc-1fb">
         <name>.debug_info</name>
         <load_address>0x8b32</load_address>
         <run_address>0x8b32</run_address>
         <size>0x3a4</size>
         <input_file_ref idref="fl-da"/>
      </object_component>
      <object_component id="oc-167">
         <name>.debug_info</name>
         <load_address>0x8ed6</load_address>
         <run_address>0x8ed6</run_address>
         <size>0x32c</size>
         <input_file_ref idref="fl-da"/>
      </object_component>
      <object_component id="oc-16d">
         <name>.debug_info</name>
         <load_address>0x9202</load_address>
         <run_address>0x9202</run_address>
         <size>0x2a1</size>
         <input_file_ref idref="fl-da"/>
      </object_component>
      <object_component id="oc-173">
         <name>.debug_info</name>
         <load_address>0x94a3</load_address>
         <run_address>0x94a3</run_address>
         <size>0x2ba</size>
         <input_file_ref idref="fl-da"/>
      </object_component>
      <object_component id="oc-179">
         <name>.debug_info</name>
         <load_address>0x975d</load_address>
         <run_address>0x975d</run_address>
         <size>0x2c7</size>
         <input_file_ref idref="fl-da"/>
      </object_component>
      <object_component id="oc-17f">
         <name>.debug_info</name>
         <load_address>0x9a24</load_address>
         <run_address>0x9a24</run_address>
         <size>0x2c5</size>
         <input_file_ref idref="fl-da"/>
      </object_component>
      <object_component id="oc-185">
         <name>.debug_info</name>
         <load_address>0x9ce9</load_address>
         <run_address>0x9ce9</run_address>
         <size>0x2bf</size>
         <input_file_ref idref="fl-da"/>
      </object_component>
      <object_component id="oc-18b">
         <name>.debug_info</name>
         <load_address>0x9fa8</load_address>
         <run_address>0x9fa8</run_address>
         <size>0x2bb</size>
         <input_file_ref idref="fl-da"/>
      </object_component>
      <object_component id="oc-191">
         <name>.debug_info</name>
         <load_address>0xa263</load_address>
         <run_address>0xa263</run_address>
         <size>0x2ea</size>
         <input_file_ref idref="fl-da"/>
      </object_component>
      <object_component id="oc-197">
         <name>.debug_info</name>
         <load_address>0xa54d</load_address>
         <run_address>0xa54d</run_address>
         <size>0x2e0</size>
         <input_file_ref idref="fl-da"/>
      </object_component>
      <object_component id="oc-19d">
         <name>.debug_info</name>
         <load_address>0xa82d</load_address>
         <run_address>0xa82d</run_address>
         <size>0x2c7</size>
         <input_file_ref idref="fl-da"/>
      </object_component>
      <object_component id="oc-1a3">
         <name>.debug_info</name>
         <load_address>0xaaf4</load_address>
         <run_address>0xaaf4</run_address>
         <size>0x32d</size>
         <input_file_ref idref="fl-da"/>
      </object_component>
      <object_component id="oc-81">
         <name>.debug_info</name>
         <load_address>0xae21</load_address>
         <run_address>0xae21</run_address>
         <size>0x3f3</size>
         <input_file_ref idref="fl-da"/>
      </object_component>
      <object_component id="oc-d5">
         <name>.debug_info</name>
         <load_address>0xb214</load_address>
         <run_address>0xb214</run_address>
         <size>0x350</size>
         <input_file_ref idref="fl-da"/>
      </object_component>
      <object_component id="oc-1f9">
         <name>.debug_info</name>
         <load_address>0xb564</load_address>
         <run_address>0xb564</run_address>
         <size>0x374</size>
         <input_file_ref idref="fl-db"/>
      </object_component>
      <object_component id="oc-20f">
         <name>.debug_info</name>
         <load_address>0xb8d8</load_address>
         <run_address>0xb8d8</run_address>
         <size>0x19c</size>
         <input_file_ref idref="fl-db"/>
      </object_component>
      <object_component id="oc-e1">
         <name>.debug_info</name>
         <load_address>0xba74</load_address>
         <run_address>0xba74</run_address>
         <size>0x34f</size>
         <input_file_ref idref="fl-db"/>
      </object_component>
      <object_component id="oc-db">
         <name>.debug_info</name>
         <load_address>0xbdc3</load_address>
         <run_address>0xbdc3</run_address>
         <size>0x334</size>
         <input_file_ref idref="fl-db"/>
      </object_component>
      <object_component id="oc-ea">
         <name>.debug_info</name>
         <load_address>0xc0f7</load_address>
         <run_address>0xc0f7</run_address>
         <size>0x2f0</size>
         <input_file_ref idref="fl-db"/>
      </object_component>
      <object_component id="oc-f6">
         <name>.debug_info</name>
         <load_address>0xc3e7</load_address>
         <run_address>0xc3e7</run_address>
         <size>0x304</size>
         <input_file_ref idref="fl-db"/>
      </object_component>
      <object_component id="oc-f0">
         <name>.debug_info</name>
         <load_address>0xc6eb</load_address>
         <run_address>0xc6eb</run_address>
         <size>0x312</size>
         <input_file_ref idref="fl-db"/>
      </object_component>
      <object_component id="oc-1f3">
         <name>.debug_info</name>
         <load_address>0xc9fd</load_address>
         <run_address>0xc9fd</run_address>
         <size>0x2c0</size>
         <input_file_ref idref="fl-db"/>
      </object_component>
      <object_component id="oc-1c4">
         <name>.debug_info</name>
         <load_address>0xccbd</load_address>
         <run_address>0xccbd</run_address>
         <size>0x240</size>
         <input_file_ref idref="fl-dc"/>
      </object_component>
      <object_component id="oc-1c1">
         <name>.debug_info</name>
         <load_address>0xcefd</load_address>
         <run_address>0xcefd</run_address>
         <size>0x15b</size>
         <input_file_ref idref="fl-dc"/>
      </object_component>
      <object_component id="oc-1c6">
         <name>.debug_info</name>
         <load_address>0xd058</load_address>
         <run_address>0xd058</run_address>
         <size>0x2b3</size>
         <input_file_ref idref="fl-dc"/>
      </object_component>
      <object_component id="oc-1cc">
         <name>.debug_info</name>
         <load_address>0xd30b</load_address>
         <run_address>0xd30b</run_address>
         <size>0x316</size>
         <input_file_ref idref="fl-dc"/>
      </object_component>
      <object_component id="oc-fc">
         <name>.debug_info</name>
         <load_address>0xd621</load_address>
         <run_address>0xd621</run_address>
         <size>0x27b</size>
         <input_file_ref idref="fl-dc"/>
      </object_component>
      <object_component id="oc-bd">
         <name>.debug_info</name>
         <load_address>0xd89c</load_address>
         <run_address>0xd89c</run_address>
         <size>0x27f</size>
         <input_file_ref idref="fl-dc"/>
      </object_component>
      <object_component id="oc-c3">
         <name>.debug_info</name>
         <load_address>0xdb1b</load_address>
         <run_address>0xdb1b</run_address>
         <size>0x279</size>
         <input_file_ref idref="fl-dc"/>
      </object_component>
      <object_component id="oc-b7">
         <name>.debug_info</name>
         <load_address>0xdd94</load_address>
         <run_address>0xdd94</run_address>
         <size>0x280</size>
         <input_file_ref idref="fl-dc"/>
      </object_component>
      <object_component id="oc-1de">
         <name>.debug_info</name>
         <load_address>0xe014</load_address>
         <run_address>0xe014</run_address>
         <size>0x231</size>
         <input_file_ref idref="fl-dd"/>
      </object_component>
      <object_component id="oc-264">
         <name>.debug_info</name>
         <load_address>0xe245</load_address>
         <run_address>0xe245</run_address>
         <size>0x2ce</size>
         <input_file_ref idref="fl-dd"/>
      </object_component>
      <object_component id="oc-1e7">
         <name>.debug_info</name>
         <load_address>0xe513</load_address>
         <run_address>0xe513</run_address>
         <size>0x29a</size>
         <input_file_ref idref="fl-dd"/>
      </object_component>
      <object_component id="oc-15c">
         <name>.debug_info</name>
         <load_address>0xe7ad</load_address>
         <run_address>0xe7ad</run_address>
         <size>0x252</size>
         <input_file_ref idref="fl-dd"/>
      </object_component>
      <object_component id="oc-1d9">
         <name>.debug_info</name>
         <load_address>0xe9ff</load_address>
         <run_address>0xe9ff</run_address>
         <size>0x24e</size>
         <input_file_ref idref="fl-dd"/>
      </object_component>
      <object_component id="oc-d0">
         <name>.debug_info</name>
         <load_address>0xec4d</load_address>
         <run_address>0xec4d</run_address>
         <size>0x2d5</size>
         <input_file_ref idref="fl-dd"/>
      </object_component>
      <object_component id="oc-26c">
         <name>.debug_info</name>
         <load_address>0xef22</load_address>
         <run_address>0xef22</run_address>
         <size>0x27e</size>
         <input_file_ref idref="fl-dd"/>
      </object_component>
      <object_component id="oc-25a">
         <name>.debug_info</name>
         <load_address>0xf1a0</load_address>
         <run_address>0xf1a0</run_address>
         <size>0x254</size>
         <input_file_ref idref="fl-dd"/>
      </object_component>
      <object_component id="oc-162">
         <name>.debug_info</name>
         <load_address>0xf3f4</load_address>
         <run_address>0xf3f4</run_address>
         <size>0x27e</size>
         <input_file_ref idref="fl-dd"/>
      </object_component>
      <object_component id="oc-292">
         <name>.debug_info</name>
         <load_address>0xf672</load_address>
         <run_address>0xf672</run_address>
         <size>0x20e</size>
         <input_file_ref idref="fl-de"/>
      </object_component>
      <object_component id="oc-28f">
         <name>.debug_info</name>
         <load_address>0xf880</load_address>
         <run_address>0xf880</run_address>
         <size>0x210</size>
         <input_file_ref idref="fl-de"/>
      </object_component>
      <object_component id="oc-2a1">
         <name>.debug_info</name>
         <load_address>0xfa90</load_address>
         <run_address>0xfa90</run_address>
         <size>0x26a</size>
         <input_file_ref idref="fl-de"/>
      </object_component>
      <object_component id="oc-295">
         <name>.debug_info</name>
         <load_address>0xfcfa</load_address>
         <run_address>0xfcfa</run_address>
         <size>0x2a1</size>
         <input_file_ref idref="fl-de"/>
      </object_component>
      <object_component id="oc-1e0">
         <name>.debug_info</name>
         <load_address>0xff9b</load_address>
         <run_address>0xff9b</run_address>
         <size>0x268</size>
         <input_file_ref idref="fl-de"/>
      </object_component>
      <object_component id="oc-29b">
         <name>.debug_info</name>
         <load_address>0x10203</load_address>
         <run_address>0x10203</run_address>
         <size>0x26a</size>
         <input_file_ref idref="fl-de"/>
      </object_component>
      <object_component id="oc-1be">
         <name>.debug_info</name>
         <load_address>0x1046d</load_address>
         <run_address>0x1046d</run_address>
         <size>0x298</size>
         <input_file_ref idref="fl-df"/>
      </object_component>
      <object_component id="oc-1d4">
         <name>.debug_info</name>
         <load_address>0x10705</load_address>
         <run_address>0x10705</run_address>
         <size>0x14d</size>
         <input_file_ref idref="fl-df"/>
      </object_component>
      <object_component id="oc-b1">
         <name>.debug_info</name>
         <load_address>0x10852</load_address>
         <run_address>0x10852</run_address>
         <size>0x295</size>
         <input_file_ref idref="fl-df"/>
      </object_component>
      <object_component id="oc-ac">
         <name>.debug_info</name>
         <load_address>0x10ae7</load_address>
         <run_address>0x10ae7</run_address>
         <size>0x27d</size>
         <input_file_ref idref="fl-df"/>
      </object_component>
      <object_component id="oc-111">
         <name>.debug_info</name>
         <load_address>0x10d64</load_address>
         <run_address>0x10d64</run_address>
         <size>0x2db</size>
         <input_file_ref idref="fl-df"/>
      </object_component>
      <object_component id="oc-ca">
         <name>.debug_info</name>
         <load_address>0x1103f</load_address>
         <run_address>0x1103f</run_address>
         <size>0x2b5</size>
         <input_file_ref idref="fl-df"/>
      </object_component>
      <object_component id="oc-27e">
         <name>.debug_info</name>
         <load_address>0x112f4</load_address>
         <run_address>0x112f4</run_address>
         <size>0x5f</size>
         <input_file_ref idref="fl-df"/>
      </object_component>
      <object_component id="oc-215">
         <name>.debug_info</name>
         <load_address>0x11353</load_address>
         <run_address>0x11353</run_address>
         <size>0x227</size>
         <input_file_ref idref="fl-e0"/>
      </object_component>
      <object_component id="oc-102">
         <name>.debug_info</name>
         <load_address>0x1157a</load_address>
         <run_address>0x1157a</run_address>
         <size>0x291</size>
         <input_file_ref idref="fl-e0"/>
      </object_component>
      <object_component id="oc-30c">
         <name>.debug_info</name>
         <load_address>0x1180b</load_address>
         <run_address>0x1180b</run_address>
         <size>0x96</size>
      </object_component>
      <object_component id="oc-202">
         <name>.debug_line</name>
         <load_address>0x0</load_address>
         <run_address>0x0</run_address>
         <size>0x270</size>
         <input_file_ref idref="fl-2"/>
      </object_component>
      <object_component id="oc-35">
         <name>.debug_line</name>
         <load_address>0x270</load_address>
         <run_address>0x270</run_address>
         <size>0x1b5</size>
         <input_file_ref idref="fl-2"/>
      </object_component>
      <object_component id="oc-206">
         <name>.debug_line</name>
         <load_address>0x425</load_address>
         <run_address>0x425</run_address>
         <size>0x5a</size>
         <input_file_ref idref="fl-2"/>
      </object_component>
      <object_component id="oc-123">
         <name>.debug_line</name>
         <load_address>0x47f</load_address>
         <run_address>0x47f</run_address>
         <size>0x59</size>
         <input_file_ref idref="fl-2"/>
      </object_component>
      <object_component id="oc-119">
         <name>.debug_line</name>
         <load_address>0x4d8</load_address>
         <run_address>0x4d8</run_address>
         <size>0x20</size>
         <input_file_ref idref="fl-2"/>
      </object_component>
      <object_component id="oc-11e">
         <name>.debug_line</name>
         <load_address>0x4f8</load_address>
         <run_address>0x4f8</run_address>
         <size>0x65</size>
         <input_file_ref idref="fl-2"/>
      </object_component>
      <object_component id="oc-20b">
         <name>.debug_line</name>
         <load_address>0x55d</load_address>
         <run_address>0x55d</run_address>
         <size>0x58</size>
         <input_file_ref idref="fl-2"/>
      </object_component>
      <object_component id="oc-22c">
         <name>.debug_line</name>
         <load_address>0x5b5</load_address>
         <run_address>0x5b5</run_address>
         <size>0x65</size>
         <input_file_ref idref="fl-2"/>
      </object_component>
      <object_component id="oc-126">
         <name>.debug_line</name>
         <load_address>0x61a</load_address>
         <run_address>0x61a</run_address>
         <size>0x41</size>
         <input_file_ref idref="fl-3"/>
      </object_component>
      <object_component id="oc-38">
         <name>.debug_line</name>
         <load_address>0x65b</load_address>
         <run_address>0x65b</run_address>
         <size>0x41</size>
         <input_file_ref idref="fl-3"/>
      </object_component>
      <object_component id="oc-30">
         <name>.debug_line</name>
         <load_address>0x69c</load_address>
         <run_address>0x69c</run_address>
         <size>0xa1</size>
         <input_file_ref idref="fl-3"/>
      </object_component>
      <object_component id="oc-43">
         <name>.debug_line</name>
         <load_address>0x73d</load_address>
         <run_address>0x73d</run_address>
         <size>0x20</size>
         <input_file_ref idref="fl-3"/>
      </object_component>
      <object_component id="oc-2c6">
         <name>.debug_line</name>
         <load_address>0x75d</load_address>
         <run_address>0x75d</run_address>
         <size>0x20</size>
         <input_file_ref idref="fl-4"/>
      </object_component>
      <object_component id="oc-2b8">
         <name>.debug_line</name>
         <load_address>0x77d</load_address>
         <run_address>0x77d</run_address>
         <size>0x32</size>
         <input_file_ref idref="fl-4"/>
      </object_component>
      <object_component id="oc-2c4">
         <name>.debug_line</name>
         <load_address>0x7af</load_address>
         <run_address>0x7af</run_address>
         <size>0x32</size>
         <input_file_ref idref="fl-4"/>
      </object_component>
      <object_component id="oc-2ba">
         <name>.debug_line</name>
         <load_address>0x7e1</load_address>
         <run_address>0x7e1</run_address>
         <size>0x32</size>
         <input_file_ref idref="fl-4"/>
      </object_component>
      <object_component id="oc-2b6">
         <name>.debug_line</name>
         <load_address>0x813</load_address>
         <run_address>0x813</run_address>
         <size>0x32</size>
         <input_file_ref idref="fl-4"/>
      </object_component>
      <object_component id="oc-10b">
         <name>.debug_line</name>
         <load_address>0x845</load_address>
         <run_address>0x845</run_address>
         <size>0x283</size>
         <input_file_ref idref="fl-4"/>
      </object_component>
      <object_component id="oc-28">
         <name>.debug_line</name>
         <load_address>0xac8</load_address>
         <run_address>0xac8</run_address>
         <size>0x53</size>
         <input_file_ref idref="fl-c1"/>
      </object_component>
      <object_component id="oc-230">
         <name>.debug_line</name>
         <load_address>0xb1b</load_address>
         <run_address>0xb1b</run_address>
         <size>0x20</size>
         <input_file_ref idref="fl-c2"/>
      </object_component>
      <object_component id="oc-17">
         <name>.debug_line</name>
         <load_address>0xb3b</load_address>
         <run_address>0xb3b</run_address>
         <size>0xa9</size>
         <input_file_ref idref="fl-c2"/>
      </object_component>
      <object_component id="oc-3e">
         <name>.debug_line</name>
         <load_address>0xbe4</load_address>
         <run_address>0xbe4</run_address>
         <size>0x3a</size>
         <input_file_ref idref="fl-c2"/>
      </object_component>
      <object_component id="oc-12a">
         <name>.debug_line</name>
         <load_address>0xc1e</load_address>
         <run_address>0xc1e</run_address>
         <size>0x8a</size>
         <input_file_ref idref="fl-c2"/>
      </object_component>
      <object_component id="oc-134">
         <name>.debug_line</name>
         <load_address>0xca8</load_address>
         <run_address>0xca8</run_address>
         <size>0x8a</size>
         <input_file_ref idref="fl-c3"/>
      </object_component>
      <object_component id="oc-1b">
         <name>.debug_line</name>
         <load_address>0xd32</load_address>
         <run_address>0xd32</run_address>
         <size>0x55</size>
         <input_file_ref idref="fl-c3"/>
      </object_component>
      <object_component id="oc-4e">
         <name>.debug_line</name>
         <load_address>0xd87</load_address>
         <run_address>0xd87</run_address>
         <size>0x3a</size>
         <input_file_ref idref="fl-c3"/>
      </object_component>
      <object_component id="oc-131">
         <name>.debug_line</name>
         <load_address>0xdc1</load_address>
         <run_address>0xdc1</run_address>
         <size>0x8a</size>
         <input_file_ref idref="fl-c3"/>
      </object_component>
      <object_component id="oc-13c">
         <name>.debug_line</name>
         <load_address>0xe4b</load_address>
         <run_address>0xe4b</run_address>
         <size>0x8a</size>
         <input_file_ref idref="fl-c4"/>
      </object_component>
      <object_component id="oc-22">
         <name>.debug_line</name>
         <load_address>0xed5</load_address>
         <run_address>0xed5</run_address>
         <size>0x4f</size>
         <input_file_ref idref="fl-c4"/>
      </object_component>
      <object_component id="oc-5a">
         <name>.debug_line</name>
         <load_address>0xf24</load_address>
         <run_address>0xf24</run_address>
         <size>0x34</size>
         <input_file_ref idref="fl-c4"/>
      </object_component>
      <object_component id="oc-139">
         <name>.debug_line</name>
         <load_address>0xf58</load_address>
         <run_address>0xf58</run_address>
         <size>0x8a</size>
         <input_file_ref idref="fl-c4"/>
      </object_component>
      <object_component id="oc-27b">
         <name>.debug_line</name>
         <load_address>0xfe2</load_address>
         <run_address>0xfe2</run_address>
         <size>0x2a</size>
         <input_file_ref idref="fl-c5"/>
      </object_component>
      <object_component id="oc-a2">
         <name>.debug_line</name>
         <load_address>0x100c</load_address>
         <run_address>0x100c</run_address>
         <size>0xb3</size>
         <input_file_ref idref="fl-c5"/>
      </object_component>
      <object_component id="oc-1ba">
         <name>.debug_line</name>
         <load_address>0x10bf</load_address>
         <run_address>0x10bf</run_address>
         <size>0x8a</size>
         <input_file_ref idref="fl-c5"/>
      </object_component>
      <object_component id="oc-254">
         <name>.debug_line</name>
         <load_address>0x1149</load_address>
         <run_address>0x1149</run_address>
         <size>0xf2</size>
         <input_file_ref idref="fl-c6"/>
      </object_component>
      <object_component id="oc-248">
         <name>.debug_line</name>
         <load_address>0x123b</load_address>
         <run_address>0x123b</run_address>
         <size>0x2a</size>
         <input_file_ref idref="fl-c6"/>
      </object_component>
      <object_component id="oc-79">
         <name>.debug_line</name>
         <load_address>0x1265</load_address>
         <run_address>0x1265</run_address>
         <size>0x86</size>
         <input_file_ref idref="fl-c6"/>
      </object_component>
      <object_component id="oc-99">
         <name>.debug_line</name>
         <load_address>0x12eb</load_address>
         <run_address>0x12eb</run_address>
         <size>0xd2</size>
         <input_file_ref idref="fl-c7"/>
      </object_component>
      <object_component id="oc-8d">
         <name>.debug_line</name>
         <load_address>0x13bd</load_address>
         <run_address>0x13bd</run_address>
         <size>0xa8</size>
         <input_file_ref idref="fl-c8"/>
      </object_component>
      <object_component id="oc-94">
         <name>.debug_line</name>
         <load_address>0x1465</load_address>
         <run_address>0x1465</run_address>
         <size>0x8e</size>
         <input_file_ref idref="fl-c9"/>
      </object_component>
      <object_component id="oc-9c">
         <name>.debug_line</name>
         <load_address>0x14f3</load_address>
         <run_address>0x14f3</run_address>
         <size>0x67</size>
         <input_file_ref idref="fl-ca"/>
      </object_component>
      <object_component id="oc-8a">
         <name>.debug_line</name>
         <load_address>0x155a</load_address>
         <run_address>0x155a</run_address>
         <size>0x57</size>
         <input_file_ref idref="fl-cb"/>
      </object_component>
      <object_component id="oc-49">
         <name>.debug_line</name>
         <load_address>0x15b1</load_address>
         <run_address>0x15b1</run_address>
         <size>0x88</size>
         <input_file_ref idref="fl-cc"/>
      </object_component>
      <object_component id="oc-55">
         <name>.debug_line</name>
         <load_address>0x1639</load_address>
         <run_address>0x1639</run_address>
         <size>0x79</size>
         <input_file_ref idref="fl-cd"/>
      </object_component>
      <object_component id="oc-5f">
         <name>.debug_line</name>
         <load_address>0x16b2</load_address>
         <run_address>0x16b2</run_address>
         <size>0x3d</size>
         <input_file_ref idref="fl-ce"/>
      </object_component>
      <object_component id="oc-64">
         <name>.debug_line</name>
         <load_address>0x16ef</load_address>
         <run_address>0x16ef</run_address>
         <size>0x40</size>
         <input_file_ref idref="fl-cf"/>
      </object_component>
      <object_component id="oc-2e7">
         <name>.debug_line</name>
         <load_address>0x172f</load_address>
         <run_address>0x172f</run_address>
         <size>0x2a</size>
         <input_file_ref idref="fl-d0"/>
      </object_component>
      <object_component id="oc-2da">
         <name>.debug_line</name>
         <load_address>0x1759</load_address>
         <run_address>0x1759</run_address>
         <size>0x2d</size>
         <input_file_ref idref="fl-d0"/>
      </object_component>
      <object_component id="oc-1b4">
         <name>.debug_line</name>
         <load_address>0x1786</load_address>
         <run_address>0x1786</run_address>
         <size>0xb0</size>
         <input_file_ref idref="fl-d0"/>
      </object_component>
      <object_component id="oc-159">
         <name>.debug_line</name>
         <load_address>0x1836</load_address>
         <run_address>0x1836</run_address>
         <size>0x33</size>
         <input_file_ref idref="fl-d1"/>
      </object_component>
      <object_component id="oc-223">
         <name>.debug_line</name>
         <load_address>0x1869</load_address>
         <run_address>0x1869</run_address>
         <size>0x5b</size>
[...]
            <available_space>
               <start_address>0x2998</start_address>
               <size>0x3d668</size>
            </available_space>
         </usage_details>
      </memory_area>
      <memory_area display="yes" color="green">
         <name>SRAM</name>
         <page_id>0x0</page_id>
         <origin>0x20000000</origin>
         <length>0x8000</length>
         <used_space>0x345</used_space>
         <unused_space>0x7cbb</unused_space>
         <attributes>RWX</attributes>
         <usage_details>
            <allocated_space>
               <start_address>0x20000000</start_address>
               <size>0x200</size>
               <logical_group_ref idref="lg-d"/>
            </allocated_space>
            <allocated_space>
               <start_address>0x20000200</start_address>
               <size>0x125</size>
               <logical_group_ref idref="lg-b"/>
            </allocated_space>
            <available_space>
               <start_address>0x20000325</start_address>
               <size>0x3</size>
            </available_space>
            <allocated_space>
               <start_address>0x20000328</start_address>
               <size>0x20</size>
               <logical_group_ref idref="lg-a"/>
            </allocated_space>
            <available_space>
               <start_address>0x20000348</start_address>
               <size>0x7cb8</size>
            </available_space>
         </usage_details>
      </memory_area>
   </placement_map>
   <cptbl_list>
      <cptbl>
         <name>__TI_cinit_table</name>
         <cprec>
            <name>.data</name>
            <load_address>0x2960</load_address>
            <load_size>0x11</load_size>
            <run_address>0x20000328</run_address>
            <run_size>0x20</run_size>
            <compression>lzss</compression>
         </cprec>
         <cprec>
            <name>.bss</name>
            <load_address>0x2980</load_address>
            <load_size>0x8</load_size>
            <run_address>0x20000200</run_address>
            <run_size>0x125</run_size>
            <compression>zero_init</compression>
         </cprec>
      </cptbl>
   </cptbl_list>
   <handler_table>
      <handler_table_name>__TI_handler_table</handler_table_name>
      <handler>
         <index>0x0</index>
         <name>__TI_decompress_lzss</name>
      </handler>
      <handler>
         <index>0x1</index>
         <name>__TI_decompress_none</name>
      </handler>
      <handler>
         <index>0x2</index>
         <name>__TI_zero_init</name>
      </handler>
   </handler_table>
   <symbol_table>
      <symbol id="sm-1">
         <name>__STACK_TOP</name>
         <value>0x20000200</value>
      </symbol>
      <symbol id="sm-2">
         <name>__TI_CINIT_Base</name>
         <value>0x2988</value>
      </symbol>
      <symbol id="sm-3">
         <name>__TI_CINIT_Limit</name>
         <value>0x2998</value>
      </symbol>
      <symbol id="sm-4">
         <name>__TI_Handler_Table_Base</name>
         <value>0x2974</value>
      </symbol>
      <symbol id="sm-5">
         <name>__TI_Handler_Table_Limit</name>
         <value>0x2980</value>
      </symbol>
      <symbol id="sm-6">
         <name>binit</name>
         <value>0xffffffff</value>
      </symbol>
      <symbol id="sm-7">
         <name>__binit__</name>
         <value>0xffffffff</value>
      </symbol>
      <symbol id="sm-8">
         <name>__STACK_SIZE</name>
         <value>0x200</value>
      </symbol>
      <symbol id="sm-9">
         <name>__STACK_END</name>
         <value>0x20000200</value>
      </symbol>
      <symbol id="sm-a">
         <name>__c_args__</name>
         <value>0xffffffff</value>
      </symbol>
      <symbol id="sm-b">
         <name>__TI_pprof_out_hndl</name>
         <value>0xffffffff</value>
      </symbol>
      <symbol id="sm-c">
         <name>__TI_prof_data_start</name>
         <value>0xffffffff</value>
      </symbol>
      <symbol id="sm-d">
         <name>__TI_prof_data_size</name>
         <value>0xffffffff</value>
      </symbol>
      <symbol id="sm-8c">
         <name>g_bMPU6050Done</name>
         <value>0x20000324</value>
      </symbol>
      <symbol id="sm-8d">
         <name>g_sI2CMSimpleInst</name>
         <value>0x20000200</value>
      </symbol>
      <symbol id="sm-8e">
         <name>MPU6050Example</name>
         <value>0x541</value>
         <object_component_ref idref="oc-31"/>
      </symbol>
      <symbol id="sm-8f">
         <name>MPU6050Callback</name>
         <value>0x4e3</value>
         <object_component_ref idref="oc-31"/>
      </symbol>
      <symbol id="sm-90">
         <name>main</name>
         <value>0x871</value>
         <object_component_ref idref="oc-31"/>
      </symbol>
      <symbol id="sm-91">
         <name>InitI2C0</name>
         <value>0x487</value>
         <object_component_ref idref="oc-31"/>
      </symbol>
      <symbol id="sm-92">
         <name>I2CMSimpleIntHandler</name>
         <value>0x26d</value>
         <object_component_ref idref="oc-31"/>
      </symbol>
      <symbol id="sm-93">
         <name>ComplementaryFilter</name>
         <value>0x277</value>
         <object_component_ref idref="oc-31"/>
      </symbol>
      <symbol id="sm-b4">
         <name>ResetISR</name>
         <value>0x2725</value>
         <object_component_ref idref="oc-2b"/>
      </symbol>
      <symbol id="sm-b5">
         <name>g_pfnVectors</name>
         <value>0x0</value>
         <object_component_ref idref="oc-f"/>
      </symbol>
      <symbol id="sm-126">
         <name>UARTgetc</name>
         <value>0xab1</value>
         <object_component_ref idref="oc-107"/>
      </symbol>
      <symbol id="sm-127">
         <name>UARTgets</name>
         <value>0x9eb</value>
         <object_component_ref idref="oc-107"/>
      </symbol>
      <symbol id="sm-128">
         <name>UARTStdioConfig</name>
         <value>0x939</value>
         <object_component_ref idref="oc-107"/>
      </symbol>
      <symbol id="sm-129">
         <name>UARTwrite</name>
         <value>0x999</value>
         <object_component_ref idref="oc-107"/>
      </symbol>
      <symbol id="sm-12a">
         <name>UARTprintf</name>
         <value>0xddf</value>
         <object_component_ref idref="oc-107"/>
      </symbol>
      <symbol id="sm-12b">
         <name>UARTvprintf</name>
         <value>0xae5</value>
         <object_component_ref idref="oc-107"/>
      </symbol>
      <symbol id="sm-13c">
         <name>_c_int00</name>
         <value>0x213d</value>
         <object_component_ref idref="oc-24"/>
      </symbol>
      <symbol id="sm-13d">
         <name>__stack</name>
         <value>0x20000000</value>
         <object_component_ref idref="oc-2a"/>
      </symbol>
      <symbol id="sm-15b">
         <name>__TI_decompress_lzss</name>
         <value>0x1f01</value>
         <object_component_ref idref="oc-12"/>
      </symbol>
      <symbol id="sm-172">
         <name>__TI_decompress_none</name>
         <value>0x26ff</value>
         <object_component_ref idref="oc-18"/>
      </symbol>
      <symbol id="sm-189">
         <name>__TI_zero_init</name>
         <value>0x2719</value>
         <object_component_ref idref="oc-1e"/>
      </symbol>
      <symbol id="sm-1c0">
         <name>atan2f</name>
         <value>0xfcd</value>
         <object_component_ref idref="oc-9f"/>
      </symbol>
      <symbol id="sm-1e1">
         <name>C$$EXIT</name>
         <value>0x2191</value>
         <object_component_ref idref="oc-75"/>
      </symbol>
      <symbol id="sm-1e2">
         <name>abort</name>
         <value>0x2195</value>
         <object_component_ref idref="oc-75"/>
      </symbol>
      <symbol id="sm-1e3">
         <name>exit</name>
         <value>0x219d</value>
         <object_component_ref idref="oc-75"/>
      </symbol>
      <symbol id="sm-1e4">
         <name>__TI_dtors_ptr</name>
         <value>0x2000032c</value>
         <object_component_ref idref="oc-14f"/>
      </symbol>
      <symbol id="sm-1e5">
         <name>__TI_cleanup_ptr</name>
         <value>0x20000328</value>
         <object_component_ref idref="oc-14f"/>
      </symbol>
      <symbol id="sm-1e6">
         <name>__TI_enable_exit_profile_output</name>
         <value>0x20000330</value>
         <object_component_ref idref="oc-14f"/>
      </symbol>
      <symbol id="sm-1fd">
         <name>__aeabi_dsub</name>
         <value>0xe15</value>
         <object_component_ref idref="oc-95"/>
      </symbol>
      <symbol id="sm-1fe">
         <name>__aeabi_dadd</name>
         <value>0xe1f</value>
         <object_component_ref idref="oc-95"/>
      </symbol>
      <symbol id="sm-212">
         <name>__aeabi_ddiv</name>
         <value>0x1275</value>
         <object_component_ref idref="oc-8b"/>
      </symbol>
      <symbol id="sm-21d">
         <name>__aeabi_dmul</name>
         <value>0x15ed</value>
         <object_component_ref idref="oc-90"/>
      </symbol>
      <symbol id="sm-229">
         <name>__aeabi_d2f</name>
         <value>0x1dc1</value>
         <object_component_ref idref="oc-9a"/>
      </symbol>
      <symbol id="sm-234">
         <name>__aeabi_f2d</name>
         <value>0x2549</value>
         <object_component_ref idref="oc-86"/>
      </symbol>
      <symbol id="sm-24f">
         <name>memcpy</name>
         <value>0x19c1</value>
         <object_component_ref idref="oc-45"/>
      </symbol>
      <symbol id="sm-250">
         <name>__aeabi_memcpy</name>
         <value>0x19c1</value>
         <object_component_ref idref="oc-45"/>
      </symbol>
      <symbol id="sm-251">
         <name>__aeabi_memcpy8</name>
         <value>0x19c1</value>
         <object_component_ref idref="oc-45"/>
      </symbol>
      <symbol id="sm-252">
         <name>__aeabi_memcpy4</name>
         <value>0x19c1</value>
         <object_component_ref idref="oc-45"/>
      </symbol>
      <symbol id="sm-261">
         <name>__aeabi_memset</name>
         <value>0x1b7f</value>
         <object_component_ref idref="oc-51"/>
      </symbol>
      <symbol id="sm-262">
         <name>memset</name>
         <value>0x1b85</value>
         <object_component_ref idref="oc-51"/>
      </symbol>
      <symbol id="sm-263">
         <name>__aeabi_memset8</name>
         <value>0x1b7f</value>
         <object_component_ref idref="oc-51"/>
      </symbol>
      <symbol id="sm-264">
         <name>__aeabi_memset4</name>
         <value>0x1b7f</value>
         <object_component_ref idref="oc-51"/>
      </symbol>
      <symbol id="sm-265">
         <name>__aeabi_memclr8</name>
         <value>0x1b7d</value>
         <object_component_ref idref="oc-51"/>
      </symbol>
      <symbol id="sm-266">
         <name>__aeabi_memclr4</name>
         <value>0x1b7d</value>
         <object_component_ref idref="oc-51"/>
      </symbol>
      <symbol id="sm-267">
         <name>__aeabi_memclr</name>
         <value>0x1b7d</value>
         <object_component_ref idref="oc-51"/>
      </symbol>
      <symbol id="sm-271">
         <name>__mpu_init</name>
         <value>0x18cf</value>
         <object_component_ref idref="oc-5d"/>
      </symbol>
      <symbol id="sm-27b">
         <name>_system_pre_init</name>
         <value>0x276b</value>
         <object_component_ref idref="oc-63"/>
      </symbol>
      <symbol id="sm-2a8">
         <name>atanf</name>
         <value>0x1125</value>
         <object_component_ref idref="oc-1af"/>
      </symbol>
      <symbol id="sm-2b0">
         <name>main_func_sp</name>
         <value>0x20000344</value>
         <object_component_ref idref="oc-7b"/>
      </symbol>
      <symbol id="sm-2bf">
         <name>__aeabi_uidivmod</name>
         <value>0x24cb</value>
         <object_component_ref idref="oc-21f"/>
      </symbol>
      <symbol id="sm-2c0">
         <name>__aeabi_uidiv</name>
         <value>0x24cb</value>
         <object_component_ref idref="oc-21f"/>
      </symbol>
      <symbol id="sm-2d9">
         <name>_nop</name>
         <value>0x26c3</value>
         <object_component_ref idref="oc-249"/>
      </symbol>
      <symbol id="sm-2da">
         <name>_lock</name>
         <value>0x20000334</value>
         <object_component_ref idref="oc-152"/>
      </symbol>
      <symbol id="sm-2db">
         <name>_unlock</name>
         <value>0x20000338</value>
         <object_component_ref idref="oc-152"/>
      </symbol>
      <symbol id="sm-2dc">
         <name>_register_lock</name>
         <value>0x26bb</value>
         <object_component_ref idref="oc-249"/>
      </symbol>
      <symbol id="sm-2dd">
         <name>_register_unlock</name>
         <value>0x26b5</value>
         <object_component_ref idref="oc-249"/>
      </symbol>
      <symbol id="sm-2f1">
         <name>_args_main</name>
         <value>0x269d</value>
         <object_component_ref idref="oc-6f"/>
      </symbol>
      <symbol id="sm-31b">
         <name>__TI_auto_init</name>
         <value>0x1d51</value>
         <object_component_ref idref="oc-69"/>
      </symbol>
      <symbol id="sm-335">
         <name>copy_in</name>
         <value>0x231d</value>
         <object_component_ref idref="oc-13f"/>
      </symbol>
      <symbol id="sm-33f">
         <name>__aeabi_idiv0</name>
         <value>0xfcb</value>
         <object_component_ref idref="oc-2bb"/>
      </symbol>
      <symbol id="sm-349">
         <name>_system_post_cinit</name>
         <value>0x1bf7</value>
         <object_component_ref idref="oc-145"/>
      </symbol>
      <symbol id="sm-353">
         <name>_IQ21toF</name>
         <value>0x263d</value>
         <object_component_ref idref="oc-a5"/>
      </symbol>
      <symbol id="sm-424">
         <name>I2CMCommand</name>
         <value>0x1af5</value>
         <object_component_ref idref="oc-1ec"/>
      </symbol>
      <symbol id="sm-425">
         <name>I2CMInit</name>
         <value>0x2581</value>
         <object_component_ref idref="oc-d4"/>
      </symbol>
      <symbol id="sm-426">
         <name>I2CMReadModifyWrite8</name>
         <value>0x1bf9</value>
         <object_component_ref idref="oc-1fa"/>
      </symbol>
      <symbol id="sm-427">
         <name>I2CMIntHandler</name>
         <value>0x17dd</value>
         <object_component_ref idref="oc-80"/>
      </symbol>
      <symbol id="sm-485">
         <name>MPU6050DataGyroGetFloat</name>
         <value>0x1ce1</value>
         <object_component_ref idref="oc-f5"/>
      </symbol>
      <symbol id="sm-486">
         <name>MPU6050DataAccelGetFloat</name>
         <value>0x1c71</value>
         <object_component_ref idref="oc-ef"/>
      </symbol>
      <symbol id="sm-487">
         <name>MPU6050DataRead</name>
         <value>0x20e9</value>
         <object_component_ref idref="oc-e9"/>
      </symbol>
      <symbol id="sm-488">
         <name>MPU6050Init</name>
         <value>0x208d</value>
         <object_component_ref idref="oc-da"/>
      </symbol>
      <symbol id="sm-489">
         <name>MPU6050ReadModifyWrite</name>
         <value>0x22d1</value>
         <object_component_ref idref="oc-e0"/>
      </symbol>
      <symbol id="sm-4cb">
         <name>GPIOPinConfigure</name>
         <value>0x23b5</value>
         <object_component_ref idref="oc-b6"/>
      </symbol>
      <symbol id="sm-4cc">
         <name>GPIOPinTypeI2CSCL</name>
         <value>0x26db</value>
         <object_component_ref idref="oc-bc"/>
      </symbol>
      <symbol id="sm-4cd">
         <name>GPIOPinTypeI2C</name>
         <value>0x26c9</value>
         <object_component_ref idref="oc-c2"/>
      </symbol>
      <symbol id="sm-4ce">
         <name>GPIOPinTypeUART</name>
         <value>0x26ed</value>
         <object_component_ref idref="oc-fb"/>
      </symbol>
      <symbol id="sm-4cf">
         <name>GPIODirModeSet</name>
         <value>0x25e9</value>
         <object_component_ref idref="oc-1c5"/>
      </symbol>
      <symbol id="sm-4d0">
         <name>GPIOPadConfigSet</name>
         <value>0x13ab</value>
         <object_component_ref idref="oc-1cb"/>
      </symbol>
      <symbol id="sm-519">
         <name>I2CMasterDataPut</name>
         <value>0x2767</value>
         <object_component_ref idref="oc-26a"/>
      </symbol>
      <symbol id="sm-51a">
         <name>I2CMasterInitExpClk</name>
         <value>0x2285</value>
         <object_component_ref idref="oc-ce"/>
      </symbol>
      <symbol id="sm-51b">
         <name>I2CMasterSlaveAddrSet</name>
         <value>0x274b</value>
         <object_component_ref idref="oc-262"/>
      </symbol>
      <symbol id="sm-51c">
         <name>I2CMasterDataGet</name>
         <value>0x2763</value>
         <object_component_ref idref="oc-258"/>
      </symbol>
      <symbol id="sm-51d">
         <name>I2CMasterIntEnableEx</name>
         <value>0x2743</value>
         <object_component_ref idref="oc-1e5"/>
      </symbol>
      <symbol id="sm-51e">
         <name>I2CMasterControl</name>
         <value>0x275f</value>
         <object_component_ref idref="oc-160"/>
      </symbol>
      <symbol id="sm-51f">
         <name>I2CMasterEnable</name>
         <value>0x2731</value>
         <object_component_ref idref="oc-1d7"/>
      </symbol>
      <symbol id="sm-520">
         <name>I2CMasterIntClear</name>
         <value>0x273b</value>
         <object_component_ref idref="oc-15a"/>
      </symbol>
      <symbol id="sm-575">
         <name>IntIsEnabled</name>
         <value>0x1f69</value>
         <object_component_ref idref="oc-294"/>
      </symbol>
      <symbol id="sm-576">
         <name>IntEnable</name>
         <value>0x1e99</value>
         <object_component_ref idref="oc-1df"/>
      </symbol>
      <symbol id="sm-577">
         <name>IntTrigger</name>
         <value>0x270d</value>
         <object_component_ref idref="oc-2a0"/>
      </symbol>
      <symbol id="sm-578">
         <name>IntDisable</name>
         <value>0x1e31</value>
         <object_component_ref idref="oc-29a"/>
      </symbol>
      <symbol id="sm-5d6">
         <name>SysCtlClockSet</name>
         <value>0x16e9</value>
         <object_component_ref idref="oc-10f"/>
      </symbol>
      <symbol id="sm-5d7">
         <name>SysCtlDelay</name>
         <value>0x2753</value>
         <object_component_ref idref="oc-10d"/>
      </symbol>
      <symbol id="sm-5d8">
         <name>SysCtlPeripheralEnable</name>
         <value>0x25b5</value>
         <object_component_ref idref="oc-aa"/>
      </symbol>
      <symbol id="sm-5d9">
         <name>SysCtlClockGet</name>
         <value>0x14dd</value>
         <object_component_ref idref="oc-c8"/>
      </symbol>
      <symbol id="sm-5da">
         <name>SysCtlPeripheralReset</name>
         <value>0x2235</value>
         <object_component_ref idref="oc-b0"/>
      </symbol>
      <symbol id="sm-5e7">
         <name>UARTClockSourceSet</name>
         <value>0x2759</value>
         <object_component_ref idref="oc-101"/>
      </symbol>
      <symbol id="sm-5e9">
         <name>__TI_static_base__</name>
         <value>0x0</value>
      </symbol>
      <symbol id="sm-5ec">
         <name>SHT$$INIT_ARRAY$$Limit</name>
         <value>0x0</value>
      </symbol>
      <symbol id="sm-5ed">
         <name>SHT$$INIT_ARRAY$$Base</name>
         <value>0x0</value>
      </symbol>
   </symbol_table>
   <title>Link successful</title>
</link_info>
